Archive member included because of file (symbol)

/opt/microchip/xc32/v1.31/bin/../lib/gcc/pic32mx/4.5.2/../../../../pic32mx/lib/mips16/libmchp_peripheral.a(open_core_timer_lib.o)
                              build/default/production/src/hal/hal_timer.o (OpenCoreTimer)
/opt/microchip/xc32/v1.31/bin/../lib/gcc/pic32mx/4.5.2/../../../../pic32mx/lib/mips16/libmchp_peripheral.a(update_core_timer_lib.o)
                              build/default/production/src/hal/hal_timer.o (UpdateCoreTimer)
/opt/microchip/xc32/v1.31/bin/../lib/gcc/pic32mx/4.5.2/../../../../pic32mx/lib/mips16/libmchp_peripheral_32MX350F256L.a(pcache.o)
                              build/default/production/src/hal/hal_sys.o (CheKseg0CacheOn)
/opt/microchip/xc32/v1.31/bin/../lib/gcc/pic32mx/4.5.2/../../../../pic32mx/lib/mips16/libmchp_peripheral_32MX350F256L.a(int_configure_system_lib.o)
                              build/default/production/src/hal/hal_sys.o (INTConfigureSystem)
/opt/microchip/xc32/v1.31/bin/../lib/gcc/pic32mx/4.5.2/../../../../pic32mx/lib/mips16/libmchp_peripheral_32MX350F256L.a(int_disable_interrupts_lib.o)
                              build/default/production/src/hal/hal_sys.o (INTDisableInterrupts)
/opt/microchip/xc32/v1.31/bin/../lib/gcc/pic32mx/4.5.2/../../../../pic32mx/lib/mips16/libmchp_peripheral_32MX350F256L.a(int_restore_interrupts_lib.o)
                              build/default/production/src/hal/hal_sys.o (INTRestoreInterrupts)
/opt/microchip/xc32/v1.31/bin/../lib/gcc/pic32mx/4.5.2/../../../../pic32mx/lib/mips16/libmchp_peripheral_32MX350F256L.a(int_tbl_lib.o)
                              build/default/production/src/hal/hal_adc.o (INTClearFlag)
/opt/microchip/xc32/v1.31/bin/../lib/gcc/pic32mx/4.5.2/../../../../pic32mx/lib/mips16/libmchp_peripheral_32MX350F256L.a(spi_chn_open_lib.o)
                              build/default/production/src/hal/hal_adc.o (SpiChnOpen)
/opt/microchip/xc32/v1.31/bin/../lib/gcc/pic32mx/4.5.2/../../../../pic32mx/lib/mips16/libmchp_peripheral_32MX350F256L.a(spi_chn_putc_lib.o)
                              build/default/production/src/hal/hal_adc.o (SpiChnPutC)
/opt/microchip/xc32/v1.31/bin/../lib/gcc/pic32mx/4.5.2/../../../../pic32mx/lib/mips16/libmchp_peripheral_32MX350F256L.a(spi_map_tbl_libp.o)
                              /opt/microchip/xc32/v1.31/bin/../lib/gcc/pic32mx/4.5.2/../../../../pic32mx/lib/mips16/libmchp_peripheral_32MX350F256L.a(spi_chn_open_lib.o) (_SpiMapTbl)
/opt/microchip/xc32/v1.31/bin/../lib/gcc/pic32mx/4.5.2/../../../../pic32mx/lib/mips16/libmchp_peripheral_32MX350F256L.a(power_idle_lib.o)
                              build/default/production/src/hal/hal_sys.o (PowerSaveIdle)
/opt/microchip/xc32/v1.31/bin/../lib/gcc/pic32mx/4.5.2/../../../../pic32mx/lib/mips16/libmchp_peripheral_32MX350F256L.a(port_set_pins_digital_in_lib.o)
                              build/default/production/src/hal/hal_adc.o (PORTSetPinsDigitalIn)
/opt/microchip/xc32/v1.31/bin/../lib/gcc/pic32mx/4.5.2/../../../../pic32mx/lib/mips16/libmchp_peripheral_32MX350F256L.a(port_set_pins_digital_out_lib.o)
                              build/default/production/src/hal/hal_adc.o (PORTSetPinsDigitalOut)
/opt/microchip/xc32/v1.31/bin/../lib/gcc/pic32mx/4.5.2/../../../../pic32mx/lib/mips16/libmchp_peripheral_32MX350F256L.a(port_read_bits_lib.o)
                              build/default/production/src/hal/hal_io.o (PORTReadBits)
/opt/microchip/xc32/v1.31/bin/../lib/gcc/pic32mx/4.5.2/../../../../pic32mx/lib/mips16/libmchp_peripheral_32MX350F256L.a(port_clear_bits_lib.o)
                              build/default/production/src/hal/hal_i2c.o (PORTClearBits)
/opt/microchip/xc32/v1.31/bin/../lib/gcc/pic32mx/4.5.2/../../../../pic32mx/lib/mips16/libmchp_peripheral_32MX350F256L.a(port_set_bits_lib.o)
                              build/default/production/src/hal/hal_i2c.o (PORTSetBits)
/opt/microchip/xc32/v1.31/bin/../lib/gcc/pic32mx/4.5.2/../../../../pic32mx/lib/mips16/libmchp_peripheral_32MX350F256L.a(port_toggle_bits_lib.o)
                              build/default/production/src/hal/hal_io.o (PORTToggleBits)
/opt/microchip/xc32/v1.31/bin/../lib/gcc/pic32mx/4.5.2/../../../../pic32mx/lib/mips16/libmchp_peripheral_32MX350F256L.a(_ports_tbl_libp.o)
                              /opt/microchip/xc32/v1.31/bin/../lib/gcc/pic32mx/4.5.2/../../../../pic32mx/lib/mips16/libmchp_peripheral_32MX350F256L.a(port_set_pins_digital_in_lib.o) (PortRegTbl)
/opt/microchip/xc32/v1.31/bin/../lib/gcc/pic32mx/4.5.2/../../../../pic32mx/lib/mips16/libmchp_peripheral_32MX350F256L.a(uart_lib.o)
                              build/default/production/src/hal/hal_uart.o (UARTEnable)
/opt/microchip/xc32/v1.31/bin/../lib/gcc/pic32mx/4.5.2/../../../../pic32mx/lib/mips16/libmchp_peripheral_32MX350F256L.a(I2CAcknowledgeByte.o)
                              build/default/production/src/hal/hal_i2c.o (I2CAcknowledgeByte)
[...]
Memory Configuration

Name             Origin             Length             Attributes
kseg0_program_mem 0x9d000000         0x00040000         xr
kseg0_boot_mem   0x9fc00490         0x00000970
exception_mem    0x9fc01000         0x00001000
kseg1_boot_mem   0xbfc00000         0x00000490
debug_exec_mem   0xbfc02000         0x00000ff0
config3          0xbfc02ff0         0x00000004
config2          0xbfc02ff4         0x00000004
config1          0xbfc02ff8         0x00000004
config0          0xbfc02ffc         0x00000004
kseg1_data_mem   0xa0000000         0x00010000         w !x
sfrs             0xbf800000         0x00100000
configsfrs       0xbfc02ff0         0x00000010
*default*        0x00000000         0xffffffff

Linker script and memory map

LOAD /opt/microchip/xc32/v1.31/bin/../lib/gcc/pic32mx/4.5.2/../../../../pic32mx/lib/./proc/32MX350F256L/crt0_mips32r2.o
LOAD build/default/production/src/drivers/eeprom.o
LOAD build/default/production/src/drivers/tmp275.o
LOAD build/default/production/src/drivers/dispkyb.o
LOAD build/default/production/src/drivers/usb_uart.o
LOAD build/default/production/src/drivers/adc.o
LOAD build/default/production/src/drivers/adcctrl.o
LOAD build/default/production/src/eefs/crc32.o
LOAD build/default/production/src/eefs/eefs.o
LOAD build/default/production/src/FreeRTOS/portable/MemMang/heap_4.o
LOAD build/default/production/src/FreeRTOS/portable/MPLAB/PIC32MX/port.o
LOAD build/default/production/src/FreeRTOS/portable/MPLAB/PIC32MX/port_asm.o
LOAD build/default/production/src/FreeRTOS/timers.o
LOAD build/default/production/src/FreeRTOS/tasks.o
LOAD build/default/production/src/FreeRTOS/list.o
LOAD build/default/production/src/FreeRTOS/event_groups.o
LOAD build/default/production/src/FreeRTOS/croutine.o
LOAD build/default/production/src/FreeRTOS/queue.o
LOAD build/default/production/src/hal/fuses.o
LOAD build/default/production/src/hal/exceptions.o
LOAD build/default/production/src/hal/isrWrappers.o
LOAD build/default/production/src/hal/hal_adc.o
LOAD build/default/production/src/hal/hal_uart.o
LOAD build/default/production/src/hal/hal_i2c.o
LOAD build/default/production/src/hal/hal_spi.o
LOAD build/default/production/src/hal/hal_timer.o
LOAD build/default/production/src/hal/hal_io.o
LOAD build/default/production/src/hal/hal_sys.o
LOAD build/default/production/src/scpi-parser/libscpi/src/lexer.o
LOAD build/default/production/src/scpi-parser/libscpi/src/error.o
LOAD build/default/production/src/scpi-parser/libscpi/src/fifo.o
LOAD build/default/production/src/scpi-parser/libscpi/src/ieee488.o
LOAD build/default/production/src/scpi-parser/libscpi/src/minimal.o
LOAD build/default/production/src/scpi-parser/libscpi/src/parser.o
LOAD build/default/production/src/scpi-parser/libscpi/src/units.o
LOAD build/default/production/src/scpi-parser/libscpi/src/utils.o
LOAD build/default/production/src/sys/src/system.o
LOAD build/default/production/src/sys/src/settings.o
LOAD build/default/production/src/tasks/task_calibration.o
LOAD build/default/production/src/tasks/task_multimeter.o
LOAD build/default/production/src/tasks/main.o
LOAD build/default/production/src/tasks/tskmgr.o
LOAD build/default/production/src/tasks/task_scpi.o
LOAD build/default/production/src/utils/fcvt-1.1/fcvt.o
LOAD build/default/production/src/utils/src/diag.o
LOAD build/default/production/src/utils/src/fitlinear.o
LOAD build/default/production/src/utils/src/disfmt.o
LOAD build/default/production/src/utils/src/util_ringbuff.o
LOAD build/default/production/src/utils/src/strutils.o
                0x00000001                __MPLAB_BUILD = 0x1
                0x000007d0                _min_heap_size = 0x7d0
LOAD /opt/microchip/xc32/v1.31/bin/../lib/gcc/pic32mx/4.5.2/../../../../pic32mx/lib/./proc/32MX350F256L/default_isr_vectors.o
                0x00000400                PROVIDE (_min_stack_size, 0x400)
LOAD /opt/microchip/xc32/v1.31/bin/../lib/gcc/pic32mx/4.5.2/../../../../pic32mx/lib/./proc/32MX350F256L/processor.o
START GROUP
LOAD /opt/microchip/xc32/v1.31/bin/../lib/gcc/pic32mx/4.5.2/../../../../pic32mx/lib/mips16/libmchp_peripheral.a
END GROUP
START GROUP
LOAD /opt/microchip/xc32/v1.31/bin/../lib/gcc/pic32mx/4.5.2/../../../../pic32mx/lib/mips16/libmchp_peripheral_32MX350F256L.a
END GROUP
                0x00000001                PROVIDE (_vector_spacing, 0x1)
                0x9fc01000                _ebase_address = 0x9fc01000
                0xbfc00000                _RESET_ADDR = 0xbfc00000
                0xbfc00380                _BEV_EXCPT_ADDR = 0xbfc00380
                0xbfc00480                _DBG_EXCPT_ADDR = 0xbfc00480
                0xbfc02000                _DBG_CODE_ADDR = 0xbfc02000
                0x00000ff0                _DBG_CODE_SIZE = 0xff0
                0x9fc01180                _GEN_EXCPT_ADDR = (_ebase_address + 0x180)

.config_BFC02FF0
                0xbfc02ff0        0x4
 *(.config_BFC02FF0)
 .config_BFC02FF0
                0xbfc02ff0        0x4 build/default/production/src/hal/fuses.o

.config_BFC02FF4
                0xbfc02ff4        0x4
 *(.config_BFC02FF4)
 .config_BFC02FF4
                0xbfc02ff4        0x4 build/default/production/src/hal/fuses.o

.config_BFC02FF8
                0xbfc02ff8        0x4
 *(.config_BFC02FF8)
 .config_BFC02FF8
                0xbfc02ff8        0x4 build/default/production/src/hal/fuses.o

.config_BFC02FFC
                0xbfc02ffc        0x4
 *(.config_BFC02FFC)
 .config_BFC02FFC
                0xbfc02ffc        0x4 build/default/production/src/hal/fuses.o
                0xbfc02000                PROVIDE (_DBG_CODE_ADDR, 0xbfc02000)
                0x00000ff0                PROVIDE (_DBG_CODE_SIZE, 0xff0)

.reset          0xbfc00000      0x1e8
 *(.reset)
 .reset         0xbfc00000      0x1e8 /opt/microchip/xc32/v1.31/bin/../lib/gcc/pic32mx/4.5.2/../../../../pic32mx/lib/./proc/32MX350F256L/crt0_mips32r2.o
                0xbfc00000                _reset
 *(.reset.startup)

.bev_excpt      0xbfc00380       0x10
 *(.bev_handler)
 .bev_handler   0xbfc00380       0x10 /opt/microchip/xc32/v1.31/bin/../lib/gcc/pic32mx/4.5.2/../../../../pic32mx/lib/./proc/32MX350F256L/crt0_mips32r2.o

.dbg_excpt      0xbfc00480        0x0
                0xbfc00480                . = (. + DEFINED (_DEBUGGER)?0x8:0x0)

.dbg_code       0xbfc02000        0x0
                0xbfc02000                . = (. + DEFINED (_DEBUGGER)?_DBG_CODE_SIZE:0x0)

.app_excpt      0x9fc01180       0x10
 *(.gen_handler)
 .gen_handler   0x9fc01180       0x10 /opt/microchip/xc32/v1.31/bin/../lib/gcc/pic32mx/4.5.2/../../../../pic32mx/lib/./proc/32MX350F256L/crt0_mips32r2.o

.vector_0       0x9fc01200        0x8
 *(.vector_0)
 .vector_0      0x9fc01200        0x8 build/default/production/src/hal/hal_timer.o
                0x9fc01200                __vector_dispatch_0
                0x00000001                ASSERT (((_vector_spacing == 0x0) || (SIZEOF (.vector_0) <= (_vector_spacing << 0x5))), function at exception vector 0 too large)

.vector_1       0x9fc01220        0x8
 *(.vector_1)
 .vector_1      0x9fc01220        0x8 build/default/production/src/FreeRTOS/portable/MPLAB/PIC32MX/port.o
                0x9fc01220                __vector_dispatch_1
                0x00000001                ASSERT (((_vector_spacing == 0x0) || (SIZEOF (.vector_1) <= (_vector_spacing << 0x5))), function at exception vector 1 too large)

.vector_2       0x9fc01240        0x8
 *(.vector_2)
 .vector_2      0x9fc01240        0x8 /opt/microchip/xc32/v1.31/bin/../lib/gcc/pic32mx/4.5.2/../../../../pic32mx/lib/mips16/libpic32.a(vector2.o)
                0x9fc01240                __vector_dispatch_2
                0x00000001                ASSERT (((_vector_spacing == 0x0) || (SIZEOF (.vector_2) <= (_vector_spacing << 0x5))), function at exception vector 2 too large)

.vector_3       0x9fc01260        0x8
 *(.vector_3)
 .vector_3      0x9fc01260        0x8 /opt/microchip/xc32/v1.31/bin/../lib/gcc/pic32mx/4.5.2/../../../../pic32mx/lib/mips16/libpic32.a(vector3.o)
                0x9fc01260                __vector_dispatch_3
                0x00000001                ASSERT (((_vector_spacing == 0x0) || (SIZEOF (.vector_3) <= (_vector_spacing << 0x5))), function at exception vector 3 too large)

.vector_4       0x9fc01280        0x8
 *(.vector_4)
 .vector_4      0x9fc01280        0x8 build/default/production/src/FreeRTOS/portable/MPLAB/PIC32MX/port.o
                0x9fc01280                __vector_dispatch_4
                0x00000001                ASSERT (((_vector_spacing == 0x0) || (SIZEOF (.vector_4) <= (_vector_spacing << 0x5))), function at exception vector 4 too large)

.vector_5       0x9fc012a0        0x8
 *(.vector_5)
 .vector_5      0x9fc012a0        0x8 /opt/microchip/xc32/v1.31/bin/../lib/gcc/pic32mx/4.5.2/../../../../pic32mx/lib/mips16/libpic32.a(vector5.o)
                0x9fc012a0                __vector_dispatch_5
                0x00000001                ASSERT (((_vector_spacing == 0x0) || (SIZEOF (.vector_5) <= (_vector_spacing << 0x5))), function at exception vector 5 too large)

.vector_6       0x9fc012c0        0x8
 *(.vector_6)
 .vector_6      0x9fc012c0        0x8 /opt/microchip/xc32/v1.31/bin/../lib/gcc/pic32mx/4.5.2/../../../../pic32mx/lib/mips16/libpic32.a(vector6.o)
                0x9fc012c0                __vector_dispatch_6
                0x00000001                ASSERT (((_vector_spacing == 0x0) || (SIZEOF (.vector_6) <= (_vector_spacing << 0x5))), function at exception vector 6 too large)

.vector_7       0x9fc012e0        0x8
 *(.vector_7)
 .vector_7      0x9fc012e0        0x8 /opt/microchip/xc32/v1.31/bin/../lib/gcc/pic32mx/4.5.2/../../../../pic32mx/lib/mips16/libpic32.a(vector7.o)
                0x9fc012e0                __vector_dispatch_7
                0x00000001                ASSERT (((_vector_spacing == 0x0) || (SIZEOF (.vector_7) <= (_vector_spacing << 0x5))), function at exception vector 7 too large)

.vector_8       0x9fc01300        0x8
 *(.vector_8)
 .vector_8      0x9fc01300        0x8 /opt/microchip/xc32/v1.31/bin/../lib/gcc/pic32mx/4.5.2/../../../../pic32mx/lib/mips16/libpic32.a(vector8.o)
                0x9fc01300                __vector_dispatch_8
                0x00000001                ASSERT (((_vector_spacing == 0x0) || (SIZEOF (.vector_8) <= (_vector_spacing << 0x5))), function at exception vector 8 too large)

.vector_9       0x9fc01320        0x8
 *(.vector_9)
 .vector_9      0x9fc01320        0x8 /opt/microchip/xc32/v1.31/bin/../lib/gcc/pic32mx/4.5.2/../../../../pic32mx/lib/mips16/libpic32.a(vector9.o)
                0x9fc01320                __vector_dispatch_9
                0x00000001                ASSERT (((_vector_spacing == 0x0) || (SIZEOF (.vector_9) <= (_vector_spacing << 0x5))), function at exception vector 9 too large)

.vector_10      0x9fc01340        0x8
 *(.vector_10)
 .vector_10     0x9fc01340        0x8 /opt/microchip/xc32/v1.31/bin/../lib/gcc/pic32mx/4.5.2/../../../../pic32mx/lib/mips16/libpic32.a(vector10.o)
                0x9fc01340                __vector_dispatch_10
                0x00000001                ASSERT (((_vector_spacing == 0x0) || (SIZEOF (.vector_10) <= (_vector_spacing << 0x5))), function at exception vector 10 too large)

.vector_11      0x9fc01360        0x8
 *(.vector_11)
 .vector_11     0x9fc01360        0x8 /opt/microchip/xc32/v1.31/bin/../lib/gcc/pic32mx/4.5.2/../../../../pic32mx/lib/mips16/libpic32.a(vector11.o)
                0x9fc01360                __vector_dispatch_11
                0x00000001                ASSERT (((_vector_spacing == 0x0) || (SIZEOF (.vector_11) <= (_vector_spacing << 0x5))), function at exception vector 11 too large)

.vector_12      0x9fc01380        0x8
 *(.vector_12)
 .vector_12     0x9fc01380        0x8 /opt/microchip/xc32/v1.31/bin/../lib/gcc/pic32mx/4.5.2/../../../../pic32mx/lib/mips16/libpic32.a(vector12.o)
                0x9fc01380                __vector_dispatch_12
                0x00000001                ASSERT (((_vector_spacing == 0x0) || (SIZEOF (.vector_12) <= (_vector_spacing << 0x5))), function at exception vector 12 too large)

.vector_13      0x9fc013a0        0x8
 *(.vector_13)
 .vector_13     0x9fc013a0        0x8 /opt/microchip/xc32/v1.31/bin/../lib/gcc/pic32mx/4.5.2/../../../../pic32mx/lib/mips16/libpic32.a(vector13.o)
                0x9fc013a0                __vector_dispatch_13
                0x00000001                ASSERT (((_vector_spacing == 0x0) || (SIZEOF (.vector_13) <= (_vector_spacing << 0x5))), function at exception vector 13 too large)

.vector_14      0x9fc013c0        0x8
 *(.vector_14)
 .vector_14     0x9fc013c0        0x8 build/default/production/src/hal/hal_adc.o
                0x9fc013c0                __vector_dispatch_14
                0x00000001                ASSERT (((_vector_spacing == 0x0) || (SIZEOF (.vector_14) <= (_vector_spacing << 0x5))), function at exception vector 14 too large)

.vector_15      0x9fc013e0        0x8
 *(.vector_15)
 .vector_15     0x9fc013e0        0x8 /opt/microchip/xc32/v1.31/bin/../lib/gcc/pic32mx/4.5.2/../../../../pic32mx/lib/mips16/libpic32.a(vector15.o)
                0x9fc013e0                __vector_dispatch_15
                0x00000001                ASSERT (((_vector_spacing == 0x0) || (SIZEOF (.vector_15) <= (_vector_spacing << 0x5))), function at exception vector 15 too large)

.vector_16      0x9fc01400        0x8
 *(.vector_16)
 .vector_16     0x9fc01400        0x8 /opt/microchip/xc32/v1.31/bin/../lib/gcc/pic32mx/4.5.2/../../../../pic32mx/lib/mips16/libpic32.a(vector16.o)
                0x9fc01400                __vector_dispatch_16
                0x00000001                ASSERT (((_vector_spacing == 0x0) || (SIZEOF (.vector_16) <= (_vector_spacing << 0x5))), function at exception vector 16 too large)

.vector_17      0x9fc01420        0x8
 *(.vector_17)
 .vector_17     0x9fc01420        0x8 /opt/microchip/xc32/v1.31/bin/../lib/gcc/pic32mx/4.5.2/../../../../pic32mx/lib/mips16/libpic32.a(vector17.o)
                0x9fc01420                __vector_dispatch_17
                0x00000001                ASSERT (((_vector_spacing == 0x0) || (SIZEOF (.vector_17) <= (_vector_spacing << 0x5))), function at exception vector 17 too large)

.vector_18      0x9fc01440        0x8
 *(.vector_18)
 .vector_18     0x9fc01440        0x8 /opt/microchip/xc32/v1.31/bin/../lib/gcc/pic32mx/4.5.2/../../../../pic32mx/lib/mips16/libpic32.a(vector18.o)
                0x9fc01440                __vector_dispatch_18
                0x00000001                ASSERT (((_vector_spacing == 0x0) || (SIZEOF (.vector_18) <= (_vector_spacing << 0x5))), function at exception vector 18 too large)

.vector_19      0x9fc01460        0x8
 *(.vector_19)
 .vector_19     0x9fc01460        0x8 /opt/microchip/xc32/v1.31/bin/../lib/gcc/pic32mx/4.5.2/../../../../pic32mx/lib/mips16/libpic32.a(vector19.o)
                0x9fc01460                __vector_dispatch_19
                0x00000001                ASSERT (((_vector_spacing == 0x0) || (SIZEOF (.vector_19) <= (_vector_spacing << 0x5))), function at exception vector 19 too large)

.vector_20      0x9fc01480        0x8
 *(.vector_20)
 .vector_20     0x9fc01480        0x8 /opt/microchip/xc32/v1.31/bin/../lib/gcc/pic32mx/4.5.2/../../../../pic32mx/lib/mips16/libpic32.a(vector20.o)
                0x9fc01480                __vector_dispatch_20
                0x00000001                ASSERT (((_vector_spacing == 0x0) || (SIZEOF (.vector_20) <= (_vector_spacing << 0x5))), function at exception vector 20 too large)

.vector_21      0x9fc014a0        0x8
 *(.vector_21)
 .vector_21     0x9fc014a0        0x8 /opt/microchip/xc32/v1.31/bin/../lib/gcc/pic32mx/4.5.2/../../../../pic32mx/lib/mips16/libpic32.a(vector21.o)
                0x9fc014a0                __vector_dispatch_21
                0x00000001                ASSERT (((_vector_spacing == 0x0) || (SIZEOF (.vector_21) <= (_vector_spacing << 0x5))), function at exception vector 21 too large)

.vector_22      0x9fc014c0        0x8
 *(.vector_22)
 .vector_22     0x9fc014c0        0x8 /opt/microchip/xc32/v1.31/bin/../lib/gcc/pic32mx/4.5.2/../../../../pic32mx/lib/mips16/libpic32.a(vector22.o)
                0x9fc014c0                __vector_dispatch_22
                0x00000001                ASSERT (((_vector_spacing == 0x0) || (SIZEOF (.vector_22) <= (_vector_spacing << 0x5))), function at exception vector 22 too large)

.vector_23      0x9fc014e0        0x8
 *(.vector_23)
 .vector_23     0x9fc014e0        0x8 /opt/microchip/xc32/v1.31/bin/../lib/gcc/pic32mx/4.5.2/../../../../pic32mx/lib/mips16/libpic32.a(vector23.o)
                0x9fc014e0                __vector_dispatch_23
                0x00000001                ASSERT (((_vector_spacing == 0x0) || (SIZEOF (.vector_23) <= (_vector_spacing << 0x5))), function at exception vector 23 too large)

.vector_24      0x9fc01500        0x8
 *(.vector_24)
 .vector_24     0x9fc01500        0x8 /opt/microchip/xc32/v1.31/bin/../lib/gcc/pic32mx/4.5.2/../../../../pic32mx/lib/mips16/libpic32.a(vector24.o)
                0x9fc01500                __vector_dispatch_24
                0x00000001                ASSERT (((_vector_spacing == 0x0) || (SIZEOF (.vector_24) <= (_vector_spacing << 0x5))), function at exception vector 24 too large)

.vector_25      0x9fc01520        0x8
 *(.vector_25)
 .vector_25     0x9fc01520        0x8 /opt/microchip/xc32/v1.31/bin/../lib/gcc/pic32mx/4.5.2/../../../../pic32mx/lib/mips16/libpic32.a(vector25.o)
                0x9fc01520                __vector_dispatch_25
                0x00000001                ASSERT (((_vector_spacing == 0x0) || (SIZEOF (.vector_25) <= (_vector_spacing << 0x5))), function at exception vector 25 too large)

.vector_26      0x9fc01540        0x8
 *(.vector_26)
 .vector_26     0x9fc01540        0x8 /opt/microchip/xc32/v1.31/bin/../lib/gcc/pic32mx/4.5.2/../../../../pic32mx/lib/mips16/libpic32.a(vector26.o)
                0x9fc01540                __vector_dispatch_26
                0x00000001                ASSERT (((_vector_spacing == 0x0) || (SIZEOF (.vector_26) <= (_vector_spacing << 0x5))), function at exception vector 26 too large)

.vector_27      0x9fc01560        0x8
 *(.vector_27)
 .vector_27     0x9fc01560        0x8 /opt/microchip/xc32/v1.31/bin/../lib/gcc/pic32mx/4.5.2/../../../../pic32mx/lib/mips16/libpic32.a(vector27.o)
                0x9fc01560                __vector_dispatch_27
                0x00000001                ASSERT (((_vector_spacing == 0x0) || (SIZEOF (.vector_27) <= (_vector_spacing << 0x5))), function at exception vector 27 too large)

.vector_28      0x9fc01580        0x8
 *(.vector_28)
 .vector_28     0x9fc01580        0x8 /opt/microchip/xc32/v1.31/bin/../lib/gcc/pic32mx/4.5.2/../../../../pic32mx/lib/mips16/libpic32.a(vector28.o)
                0x9fc01580                __vector_dispatch_28
                0x00000001                ASSERT (((_vector_spacing == 0x0) || (SIZEOF (.vector_28) <= (_vector_spacing << 0x5))), function at exception vector 28 too large)

.vector_29      0x9fc015a0        0x8
 *(.vector_29)
 .vector_29     0x9fc015a0        0x8 /opt/microchip/xc32/v1.31/bin/../lib/gcc/pic32mx/4.5.2/../../../../pic32mx/lib/mips16/libpic32.a(vector29.o)
                0x9fc015a0                __vector_dispatch_29
                0x00000001                ASSERT (((_vector_spacing == 0x0) || (SIZEOF (.vector_29) <= (_vector_spacing << 0x5))), function at exception vector 29 too large)

.vector_30      0x9fc015c0        0x8
 *(.vector_30)
 .vector_30     0x9fc015c0        0x8 /opt/microchip/xc32/v1.31/bin/../lib/gcc/pic32mx/4.5.2/../../../../pic32mx/lib/mips16/libpic32.a(vector30.o)
                0x9fc015c0                __vector_dispatch_30
                0x00000001                ASSERT (((_vector_spacing == 0x0) || (SIZEOF (.vector_30) <= (_vector_spacing << 0x5))), function at exception vector 30 too large)

.vector_31      0x9fc015e0        0x8
 *(.vector_31)
 .vector_31     0x9fc015e0        0x8 build/default/production/src/hal/hal_uart.o
                0x9fc015e0                __vector_dispatch_31
                0x00000001                ASSERT (((_vector_spacing == 0x0) || (SIZEOF (.vector_31) <= (_vector_spacing << 0x5))), function at exception vector 31 too large)

.vector_32      0x9fc01600        0x8
 *(.vector_32)
 .vector_32     0x9fc01600        0x8 /opt/microchip/xc32/v1.31/bin/../lib/gcc/pic32mx/4.5.2/../../../../pic32mx/lib/mips16/libpic32.a(vector32.o)
                0x9fc01600                __vector_dispatch_32
                0x00000001                ASSERT (((_vector_spacing == 0x0) || (SIZEOF (.vector_32) <= (_vector_spacing << 0x5))), function at exception vector 32 too large)

.vector_33      0x9fc01620        0x8
 *(.vector_33)
 .vector_33     0x9fc01620        0x8 /opt/microchip/xc32/v1.31/bin/../lib/gcc/pic32mx/4.5.2/../../../../pic32mx/lib/mips16/libpic32.a(vector33.o)
                0x9fc01620                __vector_dispatch_33
                0x00000001                ASSERT (((_vector_spacing == 0x0) || (SIZEOF (.vector_33) <= (_vector_spacing << 0x5))), function at exception vector 33 too large)

.vector_34      0x9fc01640        0x8
 *(.vector_34)
 .vector_34     0x9fc01640        0x8 /opt/microchip/xc32/v1.31/bin/../lib/gcc/pic32mx/4.5.2/../../../../pic32mx/lib/mips16/libpic32.a(vector34.o)
                0x9fc01640                __vector_dispatch_34
                0x00000001                ASSERT (((_vector_spacing == 0x0) || (SIZEOF (.vector_34) <= (_vector_spacing << 0x5))), function at exception vector 34 too large)

.vector_35      0x9fc01660        0x8
 *(.vector_35)
 .vector_35     0x9fc01660        0x8 /opt/microchip/xc32/v1.31/bin/../lib/gcc/pic32mx/4.5.2/../../../../pic32mx/lib/mips16/libpic32.a(vector35.o)
                0x9fc01660                __vector_dispatch_35
                0x00000001                ASSERT (((_vector_spacing == 0x0) || (SIZEOF (.vector_35) <= (_vector_spacing << 0x5))), function at exception vector 35 too large)

.vector_36      0x9fc01680        0x8
 *(.vector_36)
 .vector_36     0x9fc01680        0x8 build/default/production/src/hal/hal_uart.o
                0x9fc01680                __vector_dispatch_36
                0x00000001                ASSERT (((_vector_spacing == 0x0) || (SIZEOF (.vector_36) <= (_vector_spacing << 0x5))), function at exception vector 36 too large)

.vector_37      0x9fc016a0        0x8
 *(.vector_37)
 .vector_37     0x9fc016a0        0x8 /opt/microchip/xc32/v1.31/bin/../lib/gcc/pic32mx/4.5.2/../../../../pic32mx/lib/mips16/libpic32.a(vector37.o)
                0x9fc016a0                __vector_dispatch_37
                0x00000001                ASSERT (((_vector_spacing == 0x0) || (SIZEOF (.vector_37) <= (_vector_spacing << 0x5))), function at exception vector 37 too large)

.vector_38      0x9fc016c0        0x8
 *(.vector_38)
 .vector_38     0x9fc016c0        0x8 build/default/production/src/hal/hal_uart.o
                0x9fc016c0                __vector_dispatch_38
                0x00000001                ASSERT (((_vector_spacing == 0x0) || (SIZEOF (.vector_38) <= (_vector_spacing << 0x5))), function at exception vector 38 too large)

.vector_39      0x9fc016e0        0x8
 *(.vector_39)
 .vector_39     0x9fc016e0        0x8 build/default/production/src/hal/hal_uart.o
                0x9fc016e0                __vector_dispatch_39
                0x00000001                ASSERT (((_vector_spacing == 0x0) || (SIZEOF (.vector_39) <= (_vector_spacing << 0x5))), function at exception vector 39 too large)

.vector_40      0x9fc01700        0x8
 *(.vector_40)
 .vector_40     0x9fc01700        0x8 build/default/production/src/hal/hal_uart.o
                0x9fc01700                __vector_dispatch_40
                0x00000001                ASSERT (((_vector_spacing == 0x0) || (SIZEOF (.vector_40) <= (_vector_spacing << 0x5))), function at exception vector 40 too large)

.vector_41      0x9fc01720        0x8
 *(.vector_41)
 .vector_41     0x9fc01720        0x8 /opt/microchip/xc32/v1.31/bin/../lib/gcc/pic32mx/4.5.2/../../../../pic32mx/lib/mips16/libpic32.a(vector41.o)
                0x9fc01720                __vector_dispatch_41
                0x00000001                ASSERT (((_vector_spacing == 0x0) || (SIZEOF (.vector_41) <= (_vector_spacing << 0x5))), function at exception vector 41 too large)

.vector_42      0x9fc01740        0x8
 *(.vector_42)
 .vector_42     0x9fc01740        0x8 /opt/microchip/xc32/v1.31/bin/../lib/gcc/pic32mx/4.5.2/../../../../pic32mx/lib/mips16/libpic32.a(vector42.o)
                0x9fc01740                __vector_dispatch_42
                0x00000001                ASSERT (((_vector_spacing == 0x0) || (SIZEOF (.vector_42) <= (_vector_spacing << 0x5))), function at exception vector 42 too large)

.vector_43      0x9fc01760        0x8
 *(.vector_43)
 .vector_43     0x9fc01760        0x8 /opt/microchip/xc32/v1.31/bin/../lib/gcc/pic32mx/4.5.2/../../../../pic32mx/lib/mips16/libpic32.a(vector43.o)
                0x9fc01760                __vector_dispatch_43
                0x00000001                ASSERT (((_vector_spacing == 0x0) || (SIZEOF (.vector_43) <= (_vector_spacing << 0x5))), function at exception vector 43 too large)

.vector_44      0x9fc01780        0x8
 *(.vector_44)
 .vector_44     0x9fc01780        0x8 /opt/microchip/xc32/v1.31/bin/../lib/gcc/pic32mx/4.5.2/../../../../pic32mx/lib/mips16/libpic32.a(vector44.o)
                0x9fc01780                __vector_dispatch_44
                0x00000001                ASSERT (((_vector_spacing == 0x0) || (SIZEOF (.vector_44) <= (_vector_spacing << 0x5))), function at exception vector 44 too large)

.vector_45      0x9fc017a0        0x8
 *(.vector_45)
 .vector_45     0x9fc017a0        0x8 /opt/microchip/xc32/v1.31/bin/../lib/gcc/pic32mx/4.5.2/../../../../pic32mx/lib/mips16/libpic32.a(vector45.o)
                0x9fc017a0                __vector_dispatch_45
                0x00000001                ASSERT (((_vector_spacing == 0x0) || (SIZEOF (.vector_45) <= (_vector_spacing << 0x5))), function at exception vector 45 too large)

.vector_46      0x9fc017c0        0x8
 *(.vector_46)
 .vector_46     0x9fc017c0        0x8 /opt/microchip/xc32/v1.31/bin/../lib/gcc/pic32mx/4.5.2/../../../../pic32mx/lib/mips16/libpic32.a(vector46.o)
                0x9fc017c0                __vector_dispatch_46
                0x00000001                ASSERT (((_vector_spacing == 0x0) || (SIZEOF (.vector_46) <= (_vector_spacing << 0x5))), function at exception vector 46 too large)

.vector_47      0x9fc017e0        0x8
 *(.vector_47)
 .vector_47     0x9fc017e0        0x8 /opt/microchip/xc32/v1.31/bin/../lib/gcc/pic32mx/4.5.2/../../../../pic32mx/lib/mips16/libpic32.a(vector47.o)
                0x9fc017e0                __vector_dispatch_47
                0x00000001                ASSERT (((_vector_spacing == 0x0) || (SIZEOF (.vector_47) <= (_vector_spacing << 0x5))), function at exception vector 47 too large)

.vector_48      0x9fc01800        0x8
 *(.vector_48)
 .vector_48     0x9fc01800        0x8 /opt/microchip/xc32/v1.31/bin/../lib/gcc/pic32mx/4.5.2/../../../../pic32mx/lib/mips16/libpic32.a(vector48.o)
                0x9fc01800                __vector_dispatch_48
                0x00000001                ASSERT (((_vector_spacing == 0x0) || (SIZEOF (.vector_48) <= (_vector_spacing << 0x5))), function at exception vector 48 too large)

.vector_49      0x9fc01820        0x8
 *(.vector_49)
 .vector_49     0x9fc01820        0x8 /opt/microchip/xc32/v1.31/bin/../lib/gcc/pic32mx/4.5.2/../../../../pic32mx/lib/mips16/libpic32.a(vector49.o)
                0x9fc01820                __vector_dispatch_49
                0x00000001                ASSERT (((_vector_spacing == 0x0) || (SIZEOF (.vector_49) <= (_vector_spacing << 0x5))), function at exception vector 49 too large)

.vector_50      0x9fc01840        0x8
 *(.vector_50)
 .vector_50     0x9fc01840        0x8 /opt/microchip/xc32/v1.31/bin/../lib/gcc/pic32mx/4.5.2/../../../../pic32mx/lib/mips16/libpic32.a(vector50.o)
                0x9fc01840                __vector_dispatch_50
                0x00000001                ASSERT (((_vector_spacing == 0x0) || (SIZEOF (.vector_50) <= (_vector_spacing << 0x5))), function at exception vector 50 too large)

.vector_51      0x9fc01860        0x8
 *(.vector_51)
 .vector_51     0x9fc01860        0x8 /opt/microchip/xc32/v1.31/bin/../lib/gcc/pic32mx/4.5.2/../../../../pic32mx/lib/mips16/libpic32.a(vector51.o)
                0x9fc01860                __vector_dispatch_51
                0x00000001                ASSERT (((_vector_spacing == 0x0) || (SIZEOF (.vector_51) <= (_vector_spacing << 0x5))), function at exception vector 51 too large)

.vector_52      0x9fc01880        0x8
 *(.vector_52)
 .vector_52     0x9fc01880        0x8 /opt/microchip/xc32/v1.31/bin/../lib/gcc/pic32mx/4.5.2/../../../../pic32mx/lib/mips16/libpic32.a(vector52.o)
                0x9fc01880                __vector_dispatch_52
                0x00000001                ASSERT (((_vector_spacing == 0x0) || (SIZEOF (.vector_52) <= (_vector_spacing << 0x5))), function at exception vector 52 too large)

.vector_53      0x9fc018a0        0x8
 *(.vector_53)
 .vector_53     0x9fc018a0        0x8 /opt/microchip/xc32/v1.31/bin/../lib/gcc/pic32mx/4.5.2/../../../../pic32mx/lib/mips16/libpic32.a(vector53.o)
                0x9fc018a0                __vector_dispatch_53
                0x00000001                ASSERT (((_vector_spacing == 0x0) || (SIZEOF (.vector_53) <= (_vector_spacing << 0x5))), function at exception vector 53 too large)

.vector_54      0x9fc018c0        0x8
 *(.vector_54)
 .vector_54     0x9fc018c0        0x8 /opt/microchip/xc32/v1.31/bin/../lib/gcc/pic32mx/4.5.2/../../../../pic32mx/lib/mips16/libpic32.a(vector54.o)
                0x9fc018c0                __vector_dispatch_54
                0x00000001                ASSERT (((_vector_spacing == 0x0) || (SIZEOF (.vector_54) <= (_vector_spacing << 0x5))), function at exception vector 54 too large)

.vector_55      0x9fc018e0        0x8
 *(.vector_55)
 .vector_55     0x9fc018e0        0x8 /opt/microchip/xc32/v1.31/bin/../lib/gcc/pic32mx/4.5.2/../../../../pic32mx/lib/mips16/libpic32.a(vector55.o)
                0x9fc018e0                __vector_dispatch_55
                0x00000001                ASSERT (((_vector_spacing == 0x0) || (SIZEOF (.vector_55) <= (_vector_spacing << 0x5))), function at exception vector 55 too large)

.vector_56      0x9fc01900        0x8
 *(.vector_56)
 .vector_56     0x9fc01900        0x8 /opt/microchip/xc32/v1.31/bin/../lib/gcc/pic32mx/4.5.2/../../../../pic32mx/lib/mips16/libpic32.a(vector56.o)
                0x9fc01900                __vector_dispatch_56
                0x00000001                ASSERT (((_vector_spacing == 0x0) || (SIZEOF (.vector_56) <= (_vector_spacing << 0x5))), function at exception vector 56 too large)

.vector_57      0x9fc01920        0x8
 *(.vector_57)
 .vector_57     0x9fc01920        0x8 /opt/microchip/xc32/v1.31/bin/../lib/gcc/pic32mx/4.5.2/../../../../pic32mx/lib/mips16/libpic32.a(vector57.o)
                0x9fc01920                __vector_dispatch_57
                0x00000001                ASSERT (((_vector_spacing == 0x0) || (SIZEOF (.vector_57) <= (_vector_spacing << 0x5))), function at exception vector 57 too large)

.vector_58      0x9fc01940        0x8
 *(.vector_58)
 .vector_58     0x9fc01940        0x8 /opt/microchip/xc32/v1.31/bin/../lib/gcc/pic32mx/4.5.2/../../../../pic32mx/lib/mips16/libpic32.a(vector58.o)
                0x9fc01940                __vector_dispatch_58
                0x00000001                ASSERT (((_vector_spacing == 0x0) || (SIZEOF (.vector_58) <= (_vector_spacing << 0x5))), function at exception vector 58 too large)

.vector_59      0x9fc01960        0x8
 *(.vector_59)
 .vector_59     0x9fc01960        0x8 /opt/microchip/xc32/v1.31/bin/../lib/gcc/pic32mx/4.5.2/../../../../pic32mx/lib/mips16/libpic32.a(vector59.o)
                0x9fc01960                __vector_dispatch_59
                0x00000001                ASSERT (((_vector_spacing == 0x0) || (SIZEOF (.vector_59) <= (_vector_spacing << 0x5))), function at exception vector 59 too large)

.vector_60      0x9fc01980        0x8
 *(.vector_60)
 .vector_60     0x9fc01980        0x8 /opt/microchip/xc32/v1.31/bin/../lib/gcc/pic32mx/4.5.2/../../../../pic32mx/lib/mips16/libpic32.a(vector60.o)
                0x9fc01980                __vector_dispatch_60
                0x00000001                ASSERT (((_vector_spacing == 0x0) || (SIZEOF (.vector_60) <= (_vector_spacing << 0x5))), function at exception vector 60 too large)

.vector_61      0x9fc019a0        0x8
 *(.vector_61)
 .vector_61     0x9fc019a0        0x8 /opt/microchip/xc32/v1.31/bin/../lib/gcc/pic32mx/4.5.2/../../../../pic32mx/lib/mips16/libpic32.a(vector61.o)
                0x9fc019a0                __vector_dispatch_61
                0x00000001                ASSERT (((_vector_spacing == 0x0) || (SIZEOF (.vector_61) <= (_vector_spacing << 0x5))), function at exception vector 61 too large)

.vector_62      0x9fc019c0        0x8
 *(.vector_62)
 .vector_62     0x9fc019c0        0x8 /opt/microchip/xc32/v1.31/bin/../lib/gcc/pic32mx/4.5.2/../../../../pic32mx/lib/mips16/libpic32.a(vector62.o)
                0x9fc019c0                __vector_dispatch_62
                0x00000001                ASSERT (((_vector_spacing == 0x0) || (SIZEOF (.vector_62) <= (_vector_spacing << 0x5))), function at exception vector 62 too large)

.vector_63      0x9fc019e0        0x8
 *(.vector_63)
 .vector_63     0x9fc019e0        0x8 /opt/microchip/xc32/v1.31/bin/../lib/gcc/pic32mx/4.5.2/../../../../pic32mx/lib/mips16/libpic32.a(vector63.o)
                0x9fc019e0                __vector_dispatch_63
                0x00000001                ASSERT (((_vector_spacing == 0x0) || (SIZEOF (.vector_63) <= (_vector_spacing << 0x5))), function at exception vector 63 too large)

.startup
 *(.startup)

.text           0x9d000000        0x0
 *(.stub .gnu.linkonce.t.*)
 *(.text.*personality*)
 *(.mips16.fn.*)
 *(.mips16.call.*)
 *(.gnu.warning)
                0x9d000000                . = ALIGN (0x4)

.init           0x9d000000        0x0
 *crti.o(.init)
 *crtbegin.o(.init)
 *(EXCLUDE_FILE(*crtn.o *crtend?.o *crtend.o) .init)
 *crtend.o(.init)
 *crtn.o(.init)
                0x9d000000                . = ALIGN (0x4)

.fini           0x9d000000        0x0
 *(.fini)
                0x9d000000                . = ALIGN (0x4)

.preinit_array  0x9d000000        0x0
                0x9d000000                PROVIDE (__preinit_array_start, .)
 *(.preinit_array)
                0x9d000000                PROVIDE (__preinit_array_end, .)
                0x9d000000                . = ALIGN (0x4)

.init_array     0x9d000000        0x0
                0x9d000000                PROVIDE (__init_array_start, .)
 *(SORT(.init_array.*))
 *(.init_array)
                0x9d000000                PROVIDE (__init_array_end, .)
                0x9d000000                . = ALIGN (0x4)

.fini_array     0x9d000000        0x0
                0x9d000000                PROVIDE (__fini_array_start, .)
 *(SORT(.fini_array.*))
 *(.fini_array)
                0x9d000000                PROVIDE (__fini_array_end, .)
                0x9d000000                . = ALIGN (0x4)

.ctors          0x9d000000        0x0
 *crtbegin.o(.ctors)
 *crtbegin?.o(.ctors)
 *(EXCLUDE_FILE(*crtend?.o *crtend.o) .ctors)
 *(SORT(.ctors.*))
 *(.ctors)
                0x9d000000                . = ALIGN (0x4)

.dtors          0x9d000000        0x0
 *crtbegin.o(.dtors)
 *crtbegin?.o(.dtors)
 *(EXCLUDE_FILE(*crtend?.o *crtend.o) .dtors)
 *(SORT(.dtors.*))
 *(.dtors)
                0x9d000000                . = ALIGN (0x4)

.rodata         0x9d000000        0x0
 *(.gnu.linkonce.r.*)
 *(.rodata1)
                0x9d000000                . = ALIGN (0x4)

.sdata2         0x9fc00490        0x0
 *(.sdata2 .sdata2.* .gnu.linkonce.s2.*)
                0x9fc00490                . = ALIGN (0x4)

.sbss2          0x9fc00490        0x0
 *(.sbss2 .sbss2.* .gnu.linkonce.sb2.*)
                0x9fc00490                . = ALIGN (0x4)

.eh_frame_hdr
 *(.eh_frame_hdr)
                0x9fc00490                . = ALIGN (0x4)

.eh_frame
 *(.eh_frame)
                0x9fc00490                . = ALIGN (0x4)

.gcc_except_table
 *(.gcc_except_table .gcc_except_table.*)
                0x9fc00490                . = ALIGN (0x4)

.dbg_data       0xa0000000        0x0
                0xa0000000                . = (. + DEFINED (_DEBUGGER)?0x200:0x0)

.jcr            0xa0000000        0x0
 *(.jcr)
                0xa0000000                . = ALIGN (0x4)

.eh_frame       0xa0000000       0x40
 *(.eh_frame)
 .eh_frame      0xa0000000       0x28 /opt/microchip/xc32/v1.31/bin/../lib/gcc/pic32mx/4.5.2/mips16/libgcc.a(_udivdi3.o)
 .eh_frame      0xa0000028       0x18 /opt/microchip/xc32/v1.31/bin/../lib/gcc/pic32mx/4.5.2/mips16/libgcc.a(_umoddi3.o)
                0xa0000040                . = ALIGN (0x4)

.gcc_except_table
 *(.gcc_except_table .gcc_except_table.*)
                0xa0000040                . = ALIGN (0x4)

.persist        0xa0000040        0x0
                0xa0000040                _persist_begin = .
 *(.persist .persist.*)
 *(.pbss .pbss.*)
                0xa0000040                . = ALIGN (0x4)
                0xa0000040                _persist_end = .

.data           0xa0000040        0x0
 *(.gnu.linkonce.d.*)
 *(.data1)
                0xa0000040                . = ALIGN (0x4)
                0xa0000040                . = .
                0xa0008030                _gp = (ALIGN (0x10) + 0x7ff0)

.got            0xa0000040        0x0
 *(.got.plt)
 *(.got)
                0xa0000040                . = ALIGN (0x4)

.sdata          0xa0000040       0x2c
                0xa0000040                _sdata_begin = .
 *(.sdata .sdata.* .gnu.linkonce.s.*)
 .sdata         0xa0000040       0x10 build/default/production/src/drivers/dispkyb.o
 .sdata         0xa0000050        0x8 build/default/production/src/FreeRTOS/portable/MemMang/heap_4.o
 .sdata         0xa0000058        0x4 build/default/production/src/FreeRTOS/portable/MPLAB/PIC32MX/port.o
                0xa0000058                uxInterruptNesting
 .sdata         0xa000005c        0x4 build/default/production/src/FreeRTOS/tasks.o
 .sdata         0xa0000060        0x4 build/default/production/src/sys/src/settings.o
 .sdata         0xa0000064        0x1 build/default/production/src/tasks/tskmgr.o
                0xa0000064                repeat_key
 *fill*         0xa0000065        0x3 
 .sdata         0xa0000068        0x4 /opt/microchip/xc32/v1.31/bin/../lib/gcc/pic32mx/4.5.2/../../../../pic32mx/lib/mips16/libc.a(_iob.o)
                0xa0000068                _Files
                0xa000006c                . = ALIGN (0x4)
                0xa000006c                _sdata_end = .

.lit8
 *(.lit8)

.lit4
 *(.lit4)
                0xa000006c                . = ALIGN (0x4)
                0xa000006c                _data_end = .
                0xa000006c                _bss_begin = .

.sbss           0xa000006c      0x108
                0xa000006c                _sbss_begin = .
 *(.dynsbss)
 *(.sbss .sbss.* .gnu.linkonce.sb.*)
 .sbss          0xa000006c       0x1c build/default/production/src/drivers/dispkyb.o
 .sbss          0xa0000088        0x8 build/default/production/src/drivers/adc.o
 .sbss          0xa0000090       0x10 build/default/production/src/FreeRTOS/portable/MemMang/heap_4.o
 .sbss          0xa00000a0        0x4 build/default/production/src/FreeRTOS/portable/MPLAB/PIC32MX/port.o
                0xa00000a0                uxSavedTaskStackPointer
 .sbss          0xa00000a4       0x34 build/default/production/src/FreeRTOS/tasks.o
                0xa00000a4                pxCurrentTCB
 .sbss          0xa00000d8       0x1c build/default/production/src/FreeRTOS/croutine.o
                0xa00000e0                pxCurrentCoRoutine
 .sbss          0xa00000f4        0x4 build/default/production/src/hal/exceptions.o
 .sbss          0xa00000f8        0xc build/default/production/src/hal/hal_adc.o
 .sbss          0xa0000104        0x8 build/default/production/src/hal/hal_timer.o
 *fill*         0xa000010c        0x4 
 .sbss          0xa0000110       0x30 build/default/production/src/sys/src/system.o
 .sbss          0xa0000140        0x4 build/default/production/src/sys/src/settings.o
                0xa0000140                slock
 .sbss          0xa0000144        0x8 build/default/production/src/tasks/task_calibration.o
 .sbss          0xa000014c        0x8 build/default/production/src/tasks/task_multimeter.o
 .sbss          0xa0000154        0x8 build/default/production/src/tasks/tskmgr.o
                0xa0000158                shift_key
 .sbss          0xa000015c        0x4 build/default/production/src/utils/src/util_ringbuff.o
 .sbss          0xa0000160        0x4 /opt/microchip/xc32/v1.31/bin/../lib/gcc/pic32mx/4.5.2/../../../../pic32mx/lib/mips16/libpic32.a(errno.o)
                0xa0000160                errno
 .sbss          0xa0000164        0x1 /opt/microchip/xc32/v1.31/bin/../lib/gcc/pic32mx/4.5.2/../../../../pic32mx/lib/mips16/libc.a(_iob.o)
                0xa0000164                _outdone
 *(.scommon)
 *fill*         0xa0000165        0x3 
 .scommon       0xa0000168        0x4 build/default/production/src/drivers/dispkyb.o
                0xa0000168                event_queue
 .scommon       0xa000016c        0x4 build/default/production/src/drivers/usb_uart.o
                0xa000016c                usb_queue
 .scommon       0xa0000170        0x4 build/default/production/src/utils/src/diag.o
                0xa0000170                gui32DebugFlags
                0xa0000174                _sbss_end = .
                0xa0000174                . = ALIGN (0x4)

.bss            0xa0000174       0x9c
 *(.dynbss)
 *(COMMON)
 COMMON         0xa0000174       0x28 build/default/production/src/hal/hal_uart.o
                0xa0000174                on_data_received
                0xa0000188                on_data_sent
 COMMON         0xa000019c       0x32 build/default/production/src/tasks/task_scpi.o
                0xa000019c                buff
 *fill*         0xa00001ce        0x2 
 COMMON         0xa00001d0       0x40 build/default/production/src/utils/src/util_ringbuff.o
                0xa00001d0                buffers
                0xa0000210                . = ALIGN ((. != 0x0)?0x4:0x1)
                0xa0000210                . = ALIGN (0x4)
                0xa0000210                _end = .
                0xa0000210                _bss_end = .
                0x00010000                _bmxdudba_address = 0x10000
                0x00010000                _bmxdupba_address = 0x10000

/DISCARD/
 *(.pdr)
 *(.rel.dyn)
 *(.note.GNU-stack)
 *(.note.GNU-stack)
 *(.gnu_debuglink)
 *(.gnu.lto_*)
 *(.discard)

.gptab.sdata
 *(.gptab.data)
 *(.gptab.sdata)

.gptab.sbss
 *(.gptab.bss)
 *(.gptab.sbss)

.mdebug.abi32   0xa0000210        0x0
 *(.mdebug.abi32)
 .mdebug.abi32  0xa0000210        0x0 build/default/production/src/drivers/eeprom.o
 .mdebug.abi32  0xa0000210        0x0 build/default/production/src/drivers/tmp275.o
 .mdebug.abi32  0xa0000210        0x0 build/default/production/src/drivers/dispkyb.o
 .mdebug.abi32  0xa0000210        0x0 build/default/production/src/drivers/usb_uart.o
 .mdebug.abi32  0xa0000210        0x0 build/default/production/src/drivers/adc.o
 .mdebug.abi32  0xa0000210        0x0 build/default/production/src/drivers/adcctrl.o
 .mdebug.abi32  0xa0000210        0x0 build/default/production/src/eefs/crc32.o
 .mdebug.abi32  0xa0000210        0x0 build/default/production/src/eefs/eefs.o
 .mdebug.abi32  0xa0000210        0x0 build/default/production/src/FreeRTOS/portable/MemMang/heap_4.o
 .mdebug.abi32  0xa0000210        0x0 build/default/production/src/FreeRTOS/portable/MPLAB/PIC32MX/port.o
 .mdebug.abi32  0xa0000210        0x0 build/default/production/src/FreeRTOS/timers.o
 .mdebug.abi32  0xa0000210        0x0 build/default/production/src/FreeRTOS/tasks.o
 .mdebug.abi32  0xa0000210        0x0 build/default/production/src/FreeRTOS/list.o
 .mdebug.abi32  0xa0000210        0x0 build/default/production/src/FreeRTOS/event_groups.o
 .mdebug.abi32  0xa0000210        0x0 build/default/production/src/FreeRTOS/croutine.o
 .mdebug.abi32  0xa0000210        0x0 build/default/production/src/FreeRTOS/queue.o
 .mdebug.abi32  0xa0000210        0x0 build/default/production/src/hal/fuses.o
 .mdebug.abi32  0xa0000210        0x0 build/default/production/src/hal/exceptions.o
 .mdebug.abi32  0xa0000210        0x0 build/default/production/src/hal/hal_adc.o
 .mdebug.abi32  0xa0000210        0x0 build/default/production/src/hal/hal_uart.o
 .mdebug.abi32  0xa0000210        0x0 build/default/production/src/hal/hal_i2c.o
 .mdebug.abi32  0xa0000210        0x0 build/default/production/src/hal/hal_spi.o
 .mdebug.abi32  0xa0000210        0x0 build/default/production/src/hal/hal_timer.o
 .mdebug.abi32  0xa0000210        0x0 build/default/production/src/hal/hal_io.o
 .mdebug.abi32  0xa0000210        0x0 build/default/production/src/hal/hal_sys.o
 .mdebug.abi32  0xa0000210        0x0 build/default/production/src/scpi-parser/libscpi/src/lexer.o
 .mdebug.abi32  0xa0000210        0x0 build/default/production/src/scpi-parser/libscpi/src/error.o
 .mdebug.abi32  0xa0000210        0x0 build/default/production/src/scpi-parser/libscpi/src/fifo.o
 .mdebug.abi32  0xa0000210        0x0 build/default/production/src/scpi-parser/libscpi/src/ieee488.o
 .mdebug.abi32  0xa0000210        0x0 build/default/production/src/scpi-parser/libscpi/src/minimal.o
 .mdebug.abi32  0xa0000210        0x0 build/default/production/src/scpi-parser/libscpi/src/parser.o
 .mdebug.abi32  0xa0000210        0x0 build/default/production/src/scpi-parser/libscpi/src/units.o
 .mdebug.abi32  0xa0000210        0x0 build/default/production/src/scpi-parser/libscpi/src/utils.o
 .mdebug.abi32  0xa0000210        0x0 build/default/production/src/sys/src/system.o
 .mdebug.abi32  0xa0000210        0x0 build/default/production/src/sys/src/settings.o
 .mdebug.abi32  0xa0000210        0x0 build/default/production/src/tasks/task_calibration.o
 .mdebug.abi32  0xa0000210        0x0 build/default/production/src/tasks/task_multimeter.o
 .mdebug.abi32  0xa0000210        0x0 build/default/production/src/tasks/main.o
 .mdebug.abi32  0xa0000210        0x0 build/default/production/src/tasks/tskmgr.o
 .mdebug.abi32  0xa0000210        0x0 build/default/production/src/tasks/task_scpi.o
 .mdebug.abi32  0xa0000210        0x0 build/default/production/src/utils/fcvt-1.1/fcvt.o
 .mdebug.abi32  0xa0000210        0x0 build/default/production/src/utils/src/diag.o
 .mdebug.abi32  0xa0000210        0x0 build/default/production/src/utils/src/fitlinear.o
 .mdebug.abi32  0xa0000210        0x0 build/default/production/src/utils/src/disfmt.o
 .mdebug.abi32  0xa0000210        0x0 build/default/production/src/utils/src/util_ringbuff.o
 .mdebug.abi32  0xa0000210        0x0 build/default/production/src/utils/src/strutils.o
 .mdebug.abi32  0xa0000210        0x0 /opt/microchip/xc32/v1.31/bin/../lib/gcc/pic32mx/4.5.2/../../../../pic32mx/lib/mips16/libmchp_peripheral.a(open_core_timer_lib.o)
 .mdebug.abi32  0xa0000210        0x0 /opt/microchip/xc32/v1.31/bin/../lib/gcc/pic32mx/4.5.2/../../../../pic32mx/lib/mips16/libmchp_peripheral.a(update_core_timer_lib.o)
 .mdebug.abi32  0xa0000210        0x0 /opt/microchip/xc32/v1.31/bin/../lib/gcc/pic32mx/4.5.2/../../../../pic32mx/lib/mips16/libmchp_peripheral_32MX350F256L.a(pcache.o)
 .mdebug.abi32  0xa0000210        0x0 /opt/microchip/xc32/v1.31/bin/../lib/gcc/pic32mx/4.5.2/../../../../pic32mx/lib/mips16/libmchp_peripheral_32MX350F256L.a(int_configure_system_lib.o)
 .mdebug.abi32  0xa0000210        0x0 /opt/microchip/xc32/v1.31/bin/../lib/gcc/pic32mx/4.5.2/../../../../pic32mx/lib/mips16/libmchp_peripheral_32MX350F256L.a(int_disable_interrupts_lib.o)
 .mdebug.abi32  0xa0000210        0x0 /opt/microchip/xc32/v1.31/bin/../lib/gcc/pic32mx/4.5.2/../../../../pic32mx/lib/mips16/libmchp_peripheral_32MX350F256L.a(int_restore_interrupts_lib.o)
 .mdebug.abi32  0xa0000210        0x0 /opt/microchip/xc32/v1.31/bin/../lib/gcc/pic32mx/4.5.2/../../../../pic32mx/lib/mips16/libmchp_peripheral_32MX350F256L.a(int_tbl_lib.o)
 .mdebug.abi32  0xa0000210        0x0 /opt/microchip/xc32/v1.31/bin/../lib/gcc/pic32mx/4.5.2/../../../../pic32mx/lib/mips16/libmchp_peripheral_32MX350F256L.a(spi_chn_open_lib.o)
 .mdebug.abi32  0xa0000210        0x0 /opt/microchip/xc32/v1.31/bin/../lib/gcc/pic32mx/4.5.2/../../../../pic32mx/lib/mips16/libmchp_peripheral_32MX350F256L.a(spi_chn_putc_lib.o)
 .mdebug.abi32  0xa0000210        0x0 /opt/microchip/xc32/v1.31/bin/../lib/gcc/pic32mx/4.5.2/../../../../pic32mx/lib/mips16/libmchp_peripheral_32MX350F256L.a(spi_map_tbl_libp.o)
 .mdebug.abi32  0xa0000210        0x0 /opt/microchip/xc32/v1.31/bin/../lib/gcc/pic32mx/4.5.2/../../../../pic32mx/lib/mips16/libmchp_peripheral_32MX350F256L.a(power_idle_lib.o)
 .mdebug.abi32  0xa0000210        0x0 /opt/microchip/xc32/v1.31/bin/../lib/gcc/pic32mx/4.5.2/../../../../pic32mx/lib/mips16/libmchp_peripheral_32MX350F256L.a(port_set_pins_digital_in_lib.o)
 .mdebug.abi32  0xa0000210        0x0 /opt/microchip/xc32/v1.31/bin/../lib/gcc/pic32mx/4.5.2/../../../../pic32mx/lib/mips16/libmchp_peripheral_32MX350F256L.a(port_set_pins_digital_out_lib.o)
 .mdebug.abi32  0xa0000210        0x0 /opt/microchip/xc32/v1.31/bin/../lib/gcc/pic32mx/4.5.2/../../../../pic32mx/lib/mips16/libmchp_peripheral_32MX350F256L.a(port_read_bits_lib.o)
 .mdebug.abi32  0xa0000210        0x0 /opt/microchip/xc32/v1.31/bin/../lib/gcc/pic32mx/4.5.2/../../../../pic32mx/lib/mips16/libmchp_peripheral_32MX350F256L.a(port_clear_bits_lib.o)
 .mdebug.abi32  0xa0000210        0x0 /opt/microchip/xc32/v1.31/bin/../lib/gcc/pic32mx/4.5.2/../../../../pic32mx/lib/mips16/libmchp_peripheral_32MX350F256L.a(port_set_bits_lib.o)
 .mdebug.abi32  0xa0000210        0x0 /opt/microchip/xc32/v1.31/bin/../lib/gcc/pic32mx/4.5.2/../../../../pic32mx/lib/mips16/libmchp_peripheral_32MX350F256L.a(port_toggle_bits_lib.o)
 .mdebug.abi32  0xa0000210        0x0 /opt/microchip/xc32/v1.31/bin/../lib/gcc/pic32mx/4.5.2/../../../../pic32mx/lib/mips16/libmchp_peripheral_32MX350F256L.a(_ports_tbl_libp.o)
 .mdebug.abi32  0xa0000210        0x0 /opt/microchip/xc32/v1.31/bin/../lib/gcc/pic32mx/4.5.2/../../../../pic32mx/lib/mips16/libmchp_peripheral_32MX350F256L.a(uart_lib.o)
 .mdebug.abi32  0xa0000210        0x0 /opt/microchip/xc32/v1.31/bin/../lib/gcc/pic32mx/4.5.2/../../../../pic32mx/lib/mips16/libmchp_peripheral_32MX350F256L.a(I2CAcknowledgeByte.o)
 .mdebug.abi32  0xa0000210        0x0 /opt/microchip/xc32/v1.31/bin/../lib/gcc/pic32mx/4.5.2/../../../../pic32mx/lib/mips16/libmchp_peripheral_32MX350F256L.a(I2CAcknowledgeHasCompleted.o)
 .mdebug.abi32  0xa0000210        0x0 /opt/microchip/xc32/v1.31/bin/../lib/gcc/pic32mx/4.5.2/../../../../pic32mx/lib/mips16/libmchp_peripheral_32MX350F256L.a(I2CBusIsIdle.o)
 .mdebug.abi32  0xa0000210        0x0 /opt/microchip/xc32/v1.31/bin/../lib/gcc/pic32mx/4.5.2/../../../../pic32mx/lib/mips16/libmchp_peripheral_32MX350F256L.a(I2CByteWasAcknowledged.o)
 .mdebug.abi32  0xa0000210        0x0 /opt/microchip/xc32/v1.31/bin/../lib/gcc/pic32mx/4.5.2/../../../../pic32mx/lib/mips16/libmchp_peripheral_32MX350F256L.a(I2CConfigure.o)
 .mdebug.abi32  0xa0000210        0x0 /opt/microchip/xc32/v1.31/bin/../lib/gcc/pic32mx/4.5.2/../../../../pic32mx/lib/mips16/libmchp_peripheral_32MX350F256L.a(I2CEnable.o)
 .mdebug.abi32  0xa0000210        0x0 /opt/microchip/xc32/v1.31/bin/../lib/gcc/pic32mx/4.5.2/../../../../pic32mx/lib/mips16/libmchp_peripheral_32MX350F256L.a(I2CGetByte.o)
 .mdebug.abi32  0xa0000210        0x0 /opt/microchip/xc32/v1.31/bin/../lib/gcc/pic32mx/4.5.2/../../../../pic32mx/lib/mips16/libmchp_peripheral_32MX350F256L.a(I2CGetStatus.o)
 .mdebug.abi32  0xa0000210        0x0 /opt/microchip/xc32/v1.31/bin/../lib/gcc/pic32mx/4.5.2/../../../../pic32mx/lib/mips16/libmchp_peripheral_32MX350F256L.a(I2CReceivedDataIsAvailable.o)
 .mdebug.abi32  0xa0000210        0x0 /opt/microchip/xc32/v1.31/bin/../lib/gcc/pic32mx/4.5.2/../../../../pic32mx/lib/mips16/libmchp_peripheral_32MX350F256L.a(I2CReceiverEnable.o)
 .mdebug.abi32  0xa0000210        0x0 /opt/microchip/xc32/v1.31/bin/../lib/gcc/pic32mx/4.5.2/../../../../pic32mx/lib/mips16/libmchp_peripheral_32MX350F256L.a(I2CRepeatStart.o)
 .mdebug.abi32  0xa0000210        0x0 /opt/microchip/xc32/v1.31/bin/../lib/gcc/pic32mx/4.5.2/../../../../pic32mx/lib/mips16/libmchp_peripheral_32MX350F256L.a(I2CSendByte.o)
 .mdebug.abi32  0xa0000210        0x0 /opt/microchip/xc32/v1.31/bin/../lib/gcc/pic32mx/4.5.2/../../../../pic32mx/lib/mips16/libmchp_peripheral_32MX350F256L.a(I2CSetFrequency.o)
 .mdebug.abi32  0xa0000210        0x0 /opt/microchip/xc32/v1.31/bin/../lib/gcc/pic32mx/4.5.2/../../../../pic32mx/lib/mips16/libmchp_peripheral_32MX350F256L.a(I2CStart.o)
 .mdebug.abi32  0xa0000210        0x0 /opt/microchip/xc32/v1.31/bin/../lib/gcc/pic32mx/4.5.2/../../../../pic32mx/lib/mips16/libmchp_peripheral_32MX350F256L.a(I2CStop.o)
 .mdebug.abi32  0xa0000210        0x0 /opt/microchip/xc32/v1.31/bin/../lib/gcc/pic32mx/4.5.2/../../../../pic32mx/lib/mips16/libmchp_peripheral_32MX350F256L.a(I2CTransmissionHasCompleted.o)
 .mdebug.abi32  0xa0000210        0x0 /opt/microchip/xc32/v1.31/bin/../lib/gcc/pic32mx/4.5.2/../../../../pic32mx/lib/mips16/libmchp_peripheral_32MX350F256L.a(I2CTransmitterIsReady.o)
 .mdebug.abi32  0xa0000210        0x0 /opt/microchip/xc32/v1.31/bin/../lib/gcc/pic32mx/4.5.2/../../../../pic32mx/lib/mips16/libmchp_peripheral_32MX350F256L.a(I2CPrivate.o)
 .mdebug.abi32  0xa0000210        0x0 /opt/microchip/xc32/v1.31/bin/../lib/gcc/pic32mx/4.5.2/mips16/libgcc.a(_floatundidf.o)
 .mdebug.abi32  0xa0000210        0x0 /opt/microchip/xc32/v1.31/bin/../lib/gcc/pic32mx/4.5.2/mips16/libgcc.a(_udivdi3.o)
 .mdebug.abi32  0xa0000210        0x0 /opt/microchip/xc32/v1.31/bin/../lib/gcc/pic32mx/4.5.2/mips16/libgcc.a(floatunsidf.o)
 .mdebug.abi32  0xa0000210        0x0 /opt/microchip/xc32/v1.31/bin/../lib/gcc/pic32mx/4.5.2/mips16/libgcc.a(floatunsisf.o)
 .mdebug.abi32  0xa0000210        0x0 /opt/microchip/xc32/v1.31/bin/../lib/gcc/pic32mx/4.5.2/mips16/libgcc.a(_clz.o)
 .mdebug.abi32  0xa0000210        0x0 /opt/microchip/xc32/v1.31/bin/../lib/gcc/pic32mx/4.5.2/../../../../pic32mx/lib/mips16/libpic32.a(default-bootstrap-exception-handler.o)
 .mdebug.abi32  0xa0000210        0x0 /opt/microchip/xc32/v1.31/bin/../lib/gcc/pic32mx/4.5.2/../../../../pic32mx/lib/mips16/libpic32.a(default-on-reset.o)
 .mdebug.abi32  0xa0000210        0x0 /opt/microchip/xc32/v1.31/bin/../lib/gcc/pic32mx/4.5.2/../../../../pic32mx/lib/mips16/libpic32.a(default-on-bootstrap.o)
 .mdebug.abi32  0xa0000210        0x0 /opt/microchip/xc32/v1.31/bin/../lib/gcc/pic32mx/4.5.2/../../../../pic32mx/lib/mips16/libm.a(w_pow.o)
 .mdebug.abi32  0xa0000210        0x0 /opt/microchip/xc32/v1.31/bin/../lib/gcc/pic32mx/4.5.2/../../../../pic32mx/lib/mips16/libm.a(w_log10.o)
 .mdebug.abi32  0xa0000210        0x0 /opt/microchip/xc32/v1.31/bin/../lib/gcc/pic32mx/4.5.2/../../../../pic32mx/lib/mips16/libm.a(floor.o)
 .mdebug.abi32  0xa0000210        0x0 /opt/microchip/xc32/v1.31/bin/../lib/gcc/pic32mx/4.5.2/../../../../pic32mx/lib/mips16/libm.a(w_sqrt.o)
 .mdebug.abi32  0xa0000210        0x0 /opt/microchip/xc32/v1.31/bin/../lib/gcc/pic32mx/4.5.2/../../../../pic32mx/lib/mips16/libm.a(s_lib_ver.o)
 .mdebug.abi32  0xa0000210        0x0 /opt/microchip/xc32/v1.31/bin/../lib/gcc/pic32mx/4.5.2/../../../../pic32mx/lib/mips16/libm.a(support.o)
 .mdebug.abi32  0xa0000210        0x0 /opt/microchip/xc32/v1.31/bin/../lib/gcc/pic32mx/4.5.2/../../../../pic32mx/lib/mips16/libm.a(w_ldexp.o)
 .mdebug.abi32  0xa0000210        0x0 /opt/microchip/xc32/v1.31/bin/../lib/gcc/pic32mx/4.5.2/../../../../pic32mx/lib/mips16/libe.a(_unorddf2.o)
 .mdebug.abi32  0xa0000210        0x0 /opt/microchip/xc32/v1.31/bin/../lib/gcc/pic32mx/4.5.2/../../../../pic32mx/lib/mips16/libpic32.a(errno.o)
 .mdebug.abi32  0xa0000210        0x0 /opt/microchip/xc32/v1.31/bin/../lib/gcc/pic32mx/4.5.2/../../../../pic32mx/lib/mips16/libpic32.a(isinf.o)
 .mdebug.abi32  0xa0000210        0x0 /opt/microchip/xc32/v1.31/bin/../lib/gcc/pic32mx/4.5.2/../../../../pic32mx/lib/mips16/libc.a(_iob.o)
 .mdebug.abi32  0xa0000210        0x0 /opt/microchip/xc32/v1.31/bin/../lib/gcc/pic32mx/4.5.2/../../../../pic32mx/lib/mips16/libc.a(fwrite.o)
 .mdebug.abi32  0xa0000210        0x0 /opt/microchip/xc32/v1.31/bin/../lib/gcc/pic32mx/4.5.2/../../../../pic32mx/lib/mips16/libc.a(ctype.o)
 .mdebug.abi32  0xa0000210        0x0 /opt/microchip/xc32/v1.31/bin/../lib/gcc/pic32mx/4.5.2/../../../../pic32mx/lib/mips16/libc.a(ctypef.o)
 .mdebug.abi32  0xa0000210        0x0 /opt/microchip/xc32/v1.31/bin/../lib/gcc/pic32mx/4.5.2/../../../../pic32mx/lib/mips16/libc.a(memcmp.o)
 .mdebug.abi32  0xa0000210        0x0 /opt/microchip/xc32/v1.31/bin/../lib/gcc/pic32mx/4.5.2/../../../../pic32mx/lib/mips16/libc.a(memcpy.o)
 .mdebug.abi32  0xa0000210        0x0 /opt/microchip/xc32/v1.31/bin/../lib/gcc/pic32mx/4.5.2/../../../../pic32mx/lib/mips16/libc.a(memmove.o)
 .mdebug.abi32  0xa0000210        0x0 /opt/microchip/xc32/v1.31/bin/../lib/gcc/pic32mx/4.5.2/../../../../pic32mx/lib/mips16/libc.a(memset.o)
 .mdebug.abi32  0xa0000210        0x0 /opt/microchip/xc32/v1.31/bin/../lib/gcc/pic32mx/4.5.2/../../../../pic32mx/lib/mips16/libc.a(puts.o)
 .mdebug.abi32  0xa0000210        0x0 /opt/microchip/xc32/v1.31/bin/../lib/gcc/pic32mx/4.5.2/../../../../pic32mx/lib/mips16/libc.a(strchr.o)
 .mdebug.abi32  0xa0000210        0x0 /opt/microchip/xc32/v1.31/bin/../lib/gcc/pic32mx/4.5.2/../../../../pic32mx/lib/mips16/libc.a(strlen.o)
 .mdebug.abi32  0xa0000210        0x0 /opt/microchip/xc32/v1.31/bin/../lib/gcc/pic32mx/4.5.2/../../../../pic32mx/lib/mips16/libc.a(strncasecmp.o)
 .mdebug.abi32  0xa0000210        0x0 /opt/microchip/xc32/v1.31/bin/../lib/gcc/pic32mx/4.5.2/../../../../pic32mx/lib/mips16/libc.a(strncat.o)
 .mdebug.abi32  0xa0000210        0x0 /opt/microchip/xc32/v1.31/bin/../lib/gcc/pic32mx/4.5.2/../../../../pic32mx/lib/mips16/libc.a(strncpy.o)
 .mdebug.abi32  0xa0000210        0x0 /opt/microchip/xc32/v1.31/bin/../lib/gcc/pic32mx/4.5.2/../../../../pic32mx/lib/mips16/libc.a(strtod.o)
 .mdebug.abi32  0xa0000210        0x0 /opt/microchip/xc32/v1.31/bin/../lib/gcc/pic32mx/4.5.2/../../../../pic32mx/lib/mips16/libc.a(strtof.o)
 .mdebug.abi32  0xa0000210        0x0 /opt/microchip/xc32/v1.31/bin/../lib/gcc/pic32mx/4.5.2/../../../../pic32mx/lib/mips16/libc.a(strstr.o)
 .mdebug.abi32  0xa0000210        0x0 /opt/microchip/xc32/v1.31/bin/../lib/gcc/pic32mx/4.5.2/../../../../pic32mx/lib/mips16/libc.a(strtol.o)
 .mdebug.abi32  0xa0000210        0x0 /opt/microchip/xc32/v1.31/bin/../lib/gcc/pic32mx/4.5.2/../../../../pic32mx/lib/mips16/libc.a(strtoll.o)
 .mdebug.abi32  0xa0000210        0x0 /opt/microchip/xc32/v1.31/bin/../lib/gcc/pic32mx/4.5.2/../../../../pic32mx/lib/mips16/libc.a(printf_cdfFnopsuxX.eo)
 .mdebug.abi32  0xa0000210        0x0 /opt/microchip/xc32/v1.31/bin/../lib/gcc/pic32mx/4.5.2/../../../../pic32mx/lib/mips16/libc.a(vprintf.o)
 .mdebug.abi32  0xa0000210        0x0 /opt/microchip/xc32/v1.31/bin/../lib/gcc/pic32mx/4.5.2/../../../../pic32mx/lib/mips16/libc.a(snprintf_gG.eo)
 .mdebug.abi32  0xa0000210        0x0 /opt/microchip/xc32/v1.31/bin/../lib/gcc/pic32mx/4.5.2/../../../../pic32mx/lib/mips16/libc.a(vsnprintf_gG.eo)
 .mdebug.abi32  0xa0000210        0x0 /opt/microchip/xc32/v1.31/bin/../lib/gcc/pic32mx/4.5.2/../../../../pic32mx/lib/mips16/libc.a(fflush.o)
 .mdebug.abi32  0xa0000210        0x0 /opt/microchip/xc32/v1.31/bin/../lib/gcc/pic32mx/4.5.2/../../../../pic32mx/lib/mips16/libc.a(_fputc_simple.o)
 .mdebug.abi32  0xa0000210        0x0 /opt/microchip/xc32/v1.31/bin/../lib/gcc/pic32mx/4.5.2/../../../../pic32mx/lib/mips16/libc.a(fseek.o)
 .mdebug.abi32  0xa0000210        0x0 /opt/microchip/xc32/v1.31/bin/../lib/gcc/pic32mx/4.5.2/../../../../pic32mx/lib/mips16/libc.a(strncmp.o)
 .mdebug.abi32  0xa0000210        0x0 /opt/microchip/xc32/v1.31/bin/../lib/gcc/pic32mx/4.5.2/../../../../pic32mx/lib/mips16/libc.a(doprnt.o)
 .mdebug.abi32  0xa0000210        0x0 /opt/microchip/xc32/v1.31/bin/../lib/gcc/pic32mx/4.5.2/../../../../pic32mx/lib/mips16/libc.a(_flsbuf_simple.o)
 .mdebug.abi32  0xa0000210        0x0 /opt/microchip/xc32/v1.31/bin/../lib/gcc/pic32mx/4.5.2/../../../../pic32mx/lib/mips16/libc.a(powersf.o)
 .mdebug.abi32  0xa0000210        0x0 /opt/microchip/xc32/v1.31/bin/../lib/gcc/pic32mx/4.5.2/../../../../pic32mx/lib/mips16/libpic32.a(write.o)
 .mdebug.abi32  0xa0000210        0x0 /opt/microchip/xc32/v1.31/bin/../lib/gcc/pic32mx/4.5.2/../../../../pic32mx/lib/mips16/libpic32.a(lseek.o)
 .mdebug.abi32  0xa0000210        0x0 /opt/microchip/xc32/v1.31/bin/../lib/gcc/pic32mx/4.5.2/../../../../pic32mx/lib/mips16/libe.a(_floatdisf.o)
 .mdebug.abi32  0xa0000210        0x0 /opt/microchip/xc32/v1.31/bin/../lib/gcc/pic32mx/4.5.2/../../../../pic32mx/lib/mips16/libe.a(_strtod.o)
 .mdebug.abi32  0xa0000210        0x0 /opt/microchip/xc32/v1.31/bin/../lib/gcc/pic32mx/4.5.2/../../../../pic32mx/lib/mips16/libe.a(_strtof.o)
 .mdebug.abi32  0xa0000210        0x0 /opt/microchip/xc32/v1.31/bin/../lib/gcc/pic32mx/4.5.2/../../../../pic32mx/lib/mips16/libe.a(_ldexp.o)
 .mdebug.abi32  0xa0000210        0x0 /opt/microchip/xc32/v1.31/bin/../lib/gcc/pic32mx/4.5.2/../../../../pic32mx/lib/mips16/libe.a(_ldexpf.o)
 .mdebug.abi32  0xa0000210        0x0 /opt/microchip/xc32/v1.31/bin/../lib/gcc/pic32mx/4.5.2/mips16/libgcc.a(_lshrdi3.o)
 .mdebug.abi32  0xa0000210        0x0 /opt/microchip/xc32/v1.31/bin/../lib/gcc/pic32mx/4.5.2/mips16/libgcc.a(_floatundisf.o)
 .mdebug.abi32  0xa0000210        0x0 /opt/microchip/xc32/v1.31/bin/../lib/gcc/pic32mx/4.5.2/mips16/libgcc.a(_umoddi3.o)
 .mdebug.abi32  0xa0000210        0x0 /opt/microchip/xc32/v1.31/bin/../lib/gcc/pic32mx/4.5.2/../../../../pic32mx/lib/mips16/libc.a(doprnt_cdfFgGnopsuxX.eo)

.mdebug.abiN32
 *(.mdebug.abiN32)

.mdebug.abi64
 *(.mdebug.abi64)

.mdebug.abiO64
 *(.mdebug.abiO64)

.mdebug.eabi32
 *(.mdebug.eabi32)

.mdebug.eabi64
 *(.mdebug.eabi64)

.gcc_compiled_long32
 *(.gcc_compiled_long32)

.gcc_compiled_long64
 *(.gcc_compiled_long64)

.stab
 *(.stab)

.stabstr
 *(.stabstr)

.stab.excl
 *(.stab.excl)

.stab.exclstr
 *(.stab.exclstr)

.stab.index
 *(.stab.index)

.stab.indexstr
 *(.stab.indexstr)

.comment        0x00000000      0x32d
 *(.comment)
 .comment       0x00000000       0x3c build/default/production/src/drivers/eeprom.o
                                 0x3d (size before relaxing)
 .comment       0x00000000       0x3d build/default/production/src/drivers/tmp275.o
 .comment       0x00000000       0x3d build/default/production/src/drivers/dispkyb.o
 .comment       0x00000000       0x3d build/default/production/src/drivers/usb_uart.o
 .comment       0x00000000       0x3d build/default/production/src/drivers/adc.o
 .comment       0x00000000       0x3d build/default/production/src/drivers/adcctrl.o
 .comment       0x00000000       0x3d build/default/production/src/eefs/crc32.o
 .comment       0x00000000       0x3d build/default/production/src/eefs/eefs.o
 .comment       0x00000000       0x3d build/default/production/src/FreeRTOS/portable/MemMang/heap_4.o
 .comment       0x00000000       0x3d build/default/production/src/FreeRTOS/portable/MPLAB/PIC32MX/port.o
 .comment       0x00000000       0x3d build/default/production/src/FreeRTOS/timers.o
 .comment       0x00000000       0x3d build/default/production/src/FreeRTOS/tasks.o
 .comment       0x00000000       0x3d build/default/production/src/FreeRTOS/list.o
 .comment       0x00000000       0x3d build/default/production/src/FreeRTOS/event_groups.o
 .comment       0x00000000       0x3d build/default/production/src/FreeRTOS/croutine.o
 .comment       0x00000000       0x3d build/default/production/src/FreeRTOS/queue.o
 .comment       0x00000000       0x3d build/default/production/src/hal/fuses.o
 .comment       0x00000000       0x3d build/default/production/src/hal/exceptions.o
 .comment       0x00000000       0x3d build/default/production/src/hal/hal_adc.o
 .comment       0x00000000       0x3d build/default/production/src/hal/hal_uart.o
 .comment       0x00000000       0x3d build/default/production/src/hal/hal_i2c.o
 .comment       0x00000000       0x3d build/default/production/src/hal/hal_spi.o
 .comment       0x00000000       0x3d build/default/production/src/hal/hal_timer.o
 .comment       0x00000000       0x3d build/default/production/src/hal/hal_io.o
 .comment       0x00000000       0x3d build/default/production/src/hal/hal_sys.o
 .comment       0x00000000       0x3d build/default/production/src/scpi-parser/libscpi/src/lexer.o
 .comment       0x00000000       0x3d build/default/production/src/scpi-parser/libscpi/src/error.o
 .comment       0x00000000       0x3d build/default/production/src/scpi-parser/libscpi/src/fifo.o
 .comment       0x00000000       0x3d build/default/production/src/scpi-parser/libscpi/src/ieee488.o
 .comment       0x00000000       0x3d build/default/production/src/scpi-parser/libscpi/src/minimal.o
 .comment       0x00000000       0x3d build/default/production/src/scpi-parser/libscpi/src/parser.o
 .comment       0x00000000       0x3d build/default/production/src/scpi-parser/libscpi/src/units.o
 .comment       0x00000000       0x3d build/default/production/src/scpi-parser/libscpi/src/utils.o
 .comment       0x00000000       0x3d build/default/production/src/sys/src/system.o
 .comment       0x00000000       0x3d build/default/production/src/sys/src/settings.o
 .comment       0x00000000       0x3d build/default/production/src/tasks/task_calibration.o
 .comment       0x00000000       0x3d build/default/production/src/tasks/task_multimeter.o
 .comment       0x00000000       0x3d build/default/production/src/tasks/main.o
 .comment       0x00000000       0x3d build/default/production/src/tasks/tskmgr.o
 .comment       0x00000000       0x3d build/default/production/src/tasks/task_scpi.o
 .comment       0x00000000       0x3d build/default/production/src/utils/fcvt-1.1/fcvt.o
 .comment       0x00000000       0x3d build/default/production/src/utils/src/diag.o
 .comment       0x00000000       0x3d build/default/production/src/utils/src/fitlinear.o
 .comment       0x00000000       0x3d build/default/production/src/utils/src/disfmt.o
 .comment       0x00000000       0x3d build/default/production/src/utils/src/util_ringbuff.o
 .comment       0x00000000       0x3d build/default/production/src/utils/src/strutils.o
 .comment       0x0000003c       0x3c /opt/microchip/xc32/v1.31/bin/../lib/gcc/pic32mx/4.5.2/../../../../pic32mx/lib/mips16/libmchp_peripheral.a(open_core_timer_lib.o)
                                 0x3d (size before relaxing)
 .comment       0x00000000       0x3d /opt/microchip/xc32/v1.31/bin/../lib/gcc/pic32mx/4.5.2/../../../../pic32mx/lib/mips16/libmchp_peripheral.a(update_core_timer_lib.o)
 .comment       0x00000000       0x3d /opt/microchip/xc32/v1.31/bin/../lib/gcc/pic32mx/4.5.2/../../../../pic32mx/lib/mips16/libmchp_peripheral_32MX350F256L.a(pcache.o)
 .comment       0x00000000       0x3d /opt/microchip/xc32/v1.31/bin/../lib/gcc/pic32mx/4.5.2/../../../../pic32mx/lib/mips16/libmchp_peripheral_32MX350F256L.a(int_configure_system_lib.o)
 .comment       0x00000000       0x3d /opt/microchip/xc32/v1.31/bin/../lib/gcc/pic32mx/4.5.2/../../../../pic32mx/lib/mips16/libmchp_peripheral_32MX350F256L.a(int_disable_interrupts_lib.o)
 .comment       0x00000000       0x3d /opt/microchip/xc32/v1.31/bin/../lib/gcc/pic32mx/4.5.2/../../../../pic32mx/lib/mips16/libmchp_peripheral_32MX350F256L.a(int_restore_interrupts_lib.o)
 .comment       0x00000000       0x3d /opt/microchip/xc32/v1.31/bin/../lib/gcc/pic32mx/4.5.2/../../../../pic32mx/lib/mips16/libmchp_peripheral_32MX350F256L.a(int_tbl_lib.o)
 .comment       0x00000000       0x3d /opt/microchip/xc32/v1.31/bin/../lib/gcc/pic32mx/4.5.2/../../../../pic32mx/lib/mips16/libmchp_peripheral_32MX350F256L.a(spi_chn_open_lib.o)
 .comment       0x00000000       0x3d /opt/microchip/xc32/v1.31/bin/../lib/gcc/pic32mx/4.5.2/../../../../pic32mx/lib/mips16/libmchp_peripheral_32MX350F256L.a(spi_chn_putc_lib.o)
 .comment       0x00000000       0x3d /opt/microchip/xc32/v1.31/bin/../lib/gcc/pic32mx/4.5.2/../../../../pic32mx/lib/mips16/libmchp_peripheral_32MX350F256L.a(spi_map_tbl_libp.o)
 .comment       0x00000000       0x3d /opt/microchip/xc32/v1.31/bin/../lib/gcc/pic32mx/4.5.2/../../../../pic32mx/lib/mips16/libmchp_peripheral_32MX350F256L.a(power_idle_lib.o)
 .comment       0x00000000       0x3d /opt/microchip/xc32/v1.31/bin/../lib/gcc/pic32mx/4.5.2/../../../../pic32mx/lib/mips16/libmchp_peripheral_32MX350F256L.a(port_set_pins_digital_in_lib.o)
 .comment       0x00000000       0x3d /opt/microchip/xc32/v1.31/bin/../lib/gcc/pic32mx/4.5.2/../../../../pic32mx/lib/mips16/libmchp_peripheral_32MX350F256L.a(port_set_pins_digital_out_lib.o)
 .comment       0x00000000       0x3d /opt/microchip/xc32/v1.31/bin/../lib/gcc/pic32mx/4.5.2/../../../../pic32mx/lib/mips16/libmchp_peripheral_32MX350F256L.a(port_read_bits_lib.o)
 .comment       0x00000000       0x3d /opt/microchip/xc32/v1.31/bin/../lib/gcc/pic32mx/4.5.2/../../../../pic32mx/lib/mips16/libmchp_peripheral_32MX350F256L.a(port_clear_bits_lib.o)
 .comment       0x00000000       0x3d /opt/microchip/xc32/v1.31/bin/../lib/gcc/pic32mx/4.5.2/../../../../pic32mx/lib/mips16/libmchp_peripheral_32MX350F256L.a(port_set_bits_lib.o)
 .comment       0x00000000       0x3d /opt/microchip/xc32/v1.31/bin/../lib/gcc/pic32mx/4.5.2/../../../../pic32mx/lib/mips16/libmchp_peripheral_32MX350F256L.a(port_toggle_bits_lib.o)
 .comment       0x00000000       0x3d /opt/microchip/xc32/v1.31/bin/../lib/gcc/pic32mx/4.5.2/../../../../pic32mx/lib/mips16/libmchp_peripheral_32MX350F256L.a(_ports_tbl_libp.o)
 .comment       0x00000000       0x3d /opt/microchip/xc32/v1.31/bin/../lib/gcc/pic32mx/4.5.2/../../../../pic32mx/lib/mips16/libmchp_peripheral_32MX350F256L.a(uart_lib.o)
 .comment       0x00000000       0x3d /opt/microchip/xc32/v1.31/bin/../lib/gcc/pic32mx/4.5.2/../../../../pic32mx/lib/mips16/libmchp_peripheral_32MX350F256L.a(I2CAcknowledgeByte.o)
 .comment       0x00000000       0x3d /opt/microchip/xc32/v1.31/bin/../lib/gcc/pic32mx/4.5.2/../../../../pic32mx/lib/mips16/libmchp_peripheral_32MX350F256L.a(I2CAcknowledgeHasCompleted.o)
 .comment       0x00000000       0x3d /opt/microchip/xc32/v1.31/bin/../lib/gcc/pic32mx/4.5.2/../../../../pic32mx/lib/mips16/libmchp_peripheral_32MX350F256L.a(I2CBusIsIdle.o)
 .comment       0x00000000       0x3d /opt/microchip/xc32/v1.31/bin/../lib/gcc/pic32mx/4.5.2/../../../../pic32mx/lib/mips16/libmchp_peripheral_32MX350F256L.a(I2CByteWasAcknowledged.o)
 .comment       0x00000000       0x3d /opt/microchip/xc32/v1.31/bin/../lib/gcc/pic32mx/4.5.2/../../../../pic32mx/lib/mips16/libmchp_peripheral_32MX350F256L.a(I2CConfigure.o)
 .comment       0x00000000       0x3d /opt/microchip/xc32/v1.31/bin/../lib/gcc/pic32mx/4.5.2/../../../../pic32mx/lib/mips16/libmchp_peripheral_32MX350F256L.a(I2CEnable.o)
 .comment       0x00000000       0x3d /opt/microchip/xc32/v1.31/bin/../lib/gcc/pic32mx/4.5.2/../../../../pic32mx/lib/mips16/libmchp_peripheral_32MX350F256L.a(I2CGetByte.o)
 .comment       0x00000000       0x3d /opt/microchip/xc32/v1.31/bin/../lib/gcc/pic32mx/4.5.2/../../../../pic32mx/lib/mips16/libmchp_peripheral_32MX350F256L.a(I2CGetStatus.o)
 .comment       0x00000000       0x3d /opt/microchip/xc32/v1.31/bin/../lib/gcc/pic32mx/4.5.2/../../../../pic32mx/lib/mips16/libmchp_peripheral_32MX350F256L.a(I2CReceivedDataIsAvailable.o)
 .comment       0x00000000       0x3d /opt/microchip/xc32/v1.31/bin/../lib/gcc/pic32mx/4.5.2/../../../../pic32mx/lib/mips16/libmchp_peripheral_32MX350F256L.a(I2CReceiverEnable.o)
 .comment       0x00000000       0x3d /opt/microchip/xc32/v1.31/bin/../lib/gcc/pic32mx/4.5.2/../../../../pic32mx/lib/mips16/libmchp_peripheral_32MX350F256L.a(I2CRepeatStart.o)
 .comment       0x00000000       0x3d /opt/microchip/xc32/v1.31/bin/../lib/gcc/pic32mx/4.5.2/../../../../pic32mx/lib/mips16/libmchp_peripheral_32MX350F256L.a(I2CSendByte.o)
 .comment       0x00000000       0x3d /opt/microchip/xc32/v1.31/bin/../lib/gcc/pic32mx/4.5.2/../../../../pic32mx/lib/mips16/libmchp_peripheral_32MX350F256L.a(I2CSetFrequency.o)
 .comment       0x00000000       0x3d /opt/microchip/xc32/v1.31/bin/../lib/gcc/pic32mx/4.5.2/../../../../pic32mx/lib/mips16/libmchp_peripheral_32MX350F256L.a(I2CStart.o)
 .comment       0x00000000       0x3d /opt/microchip/xc32/v1.31/bin/../lib/gcc/pic32mx/4.5.2/../../../../pic32mx/lib/mips16/libmchp_peripheral_32MX350F256L.a(I2CStop.o)
 .comment       0x00000000       0x3d /opt/microchip/xc32/v1.31/bin/../lib/gcc/pic32mx/4.5.2/../../../../pic32mx/lib/mips16/libmchp_peripheral_32MX350F256L.a(I2CTransmissionHasCompleted.o)
 .comment       0x00000000       0x3d /opt/microchip/xc32/v1.31/bin/../lib/gcc/pic32mx/4.5.2/../../../../pic32mx/lib/mips16/libmchp_peripheral_32MX350F256L.a(I2CTransmitterIsReady.o)
 .comment       0x00000000       0x3d /opt/microchip/xc32/v1.31/bin/../lib/gcc/pic32mx/4.5.2/../../../../pic32mx/lib/mips16/libmchp_peripheral_32MX350F256L.a(I2CPrivate.o)
 .comment       0x00000078       0x3c /opt/microchip/xc32/v1.31/bin/../lib/gcc/pic32mx/4.5.2/mips16/libgcc.a(_floatundidf.o)
                                 0x3d (size before relaxing)
 .comment       0x00000000       0x3d /opt/microchip/xc32/v1.31/bin/../lib/gcc/pic32mx/4.5.2/mips16/libgcc.a(_udivdi3.o)
 .comment       0x00000000       0x3d /opt/microchip/xc32/v1.31/bin/../lib/gcc/pic32mx/4.5.2/mips16/libgcc.a(floatunsidf.o)
 .comment       0x00000000       0x3d /opt/microchip/xc32/v1.31/bin/../lib/gcc/pic32mx/4.5.2/mips16/libgcc.a(floatunsisf.o)
 .comment       0x00000000       0x3d /opt/microchip/xc32/v1.31/bin/../lib/gcc/pic32mx/4.5.2/mips16/libgcc.a(_clz.o)
 .comment       0x00000000       0x3d /opt/microchip/xc32/v1.31/bin/../lib/gcc/pic32mx/4.5.2/../../../../pic32mx/lib/mips16/libpic32.a(default-bootstrap-exception-handler.o)
 .comment       0x00000000       0x3d /opt/microchip/xc32/v1.31/bin/../lib/gcc/pic32mx/4.5.2/../../../../pic32mx/lib/mips16/libpic32.a(default-on-reset.o)
 .comment       0x00000000       0x3d /opt/microchip/xc32/v1.31/bin/../lib/gcc/pic32mx/4.5.2/../../../../pic32mx/lib/mips16/libpic32.a(default-on-bootstrap.o)
 .comment       0x00000000       0x3d /opt/microchip/xc32/v1.31/bin/../lib/gcc/pic32mx/4.5.2/../../../../pic32mx/lib/mips16/libm.a(w_pow.o)
 .comment       0x00000000       0x3d /opt/microchip/xc32/v1.31/bin/../lib/gcc/pic32mx/4.5.2/../../../../pic32mx/lib/mips16/libm.a(w_log10.o)
 .comment       0x00000000       0x3d /opt/microchip/xc32/v1.31/bin/../lib/gcc/pic32mx/4.5.2/../../../../pic32mx/lib/mips16/libm.a(floor.o)
 .comment       0x00000000       0x3d /opt/microchip/xc32/v1.31/bin/../lib/gcc/pic32mx/4.5.2/../../../../pic32mx/lib/mips16/libm.a(w_sqrt.o)
 .comment       0x00000000       0x3d /opt/microchip/xc32/v1.31/bin/../lib/gcc/pic32mx/4.5.2/../../../../pic32mx/lib/mips16/libm.a(s_lib_ver.o)
 .comment       0x00000000       0x3d /opt/microchip/xc32/v1.31/bin/../lib/gcc/pic32mx/4.5.2/../../../../pic32mx/lib/mips16/libm.a(support.o)
 .comment       0x00000000       0x3d /opt/microchip/xc32/v1.31/bin/../lib/gcc/pic32mx/4.5.2/../../../../pic32mx/lib/mips16/libm.a(w_ldexp.o)
 .comment       0x000000b4       0x4e /opt/microchip/xc32/v1.31/bin/../lib/gcc/pic32mx/4.5.2/../../../../pic32mx/lib/mips16/libe.a(_unorddf2.o)
                                 0x8b (size before relaxing)
 .comment       0x00000000       0x3d /opt/microchip/xc32/v1.31/bin/../lib/gcc/pic32mx/4.5.2/../../../../pic32mx/lib/mips16/libpic32.a(errno.o)
 .comment       0x00000000       0x3d /opt/microchip/xc32/v1.31/bin/../lib/gcc/pic32mx/4.5.2/../../../../pic32mx/lib/mips16/libpic32.a(isinf.o)
 .comment       0x00000000       0x3d /opt/microchip/xc32/v1.31/bin/../lib/gcc/pic32mx/4.5.2/../../../../pic32mx/lib/mips16/libc.a(_iob.o)
 .comment       0x00000000       0x3d /opt/microchip/xc32/v1.31/bin/../lib/gcc/pic32mx/4.5.2/../../../../pic32mx/lib/mips16/libc.a(fwrite.o)
 .comment       0x00000102       0x4e /opt/microchip/xc32/v1.31/bin/../lib/gcc/pic32mx/4.5.2/../../../../pic32mx/lib/mips16/libc.a(ctype.o)
                                 0x8b (size before relaxing)
 .comment       0x00000150       0x4f /opt/microchip/xc32/v1.31/bin/../lib/gcc/pic32mx/4.5.2/../../../../pic32mx/lib/mips16/libc.a(ctypef.o)
                                 0x8c (size before relaxing)
 .comment       0x00000000       0x3d /opt/microchip/xc32/v1.31/bin/../lib/gcc/pic32mx/4.5.2/../../../../pic32mx/lib/mips16/libc.a(memcmp.o)
 .comment       0x00000000       0x3d /opt/microchip/xc32/v1.31/bin/../lib/gcc/pic32mx/4.5.2/../../../../pic32mx/lib/mips16/libc.a(memcpy.o)
 .comment       0x00000000       0x3d /opt/microchip/xc32/v1.31/bin/../lib/gcc/pic32mx/4.5.2/../../../../pic32mx/lib/mips16/libc.a(memmove.o)
 .comment       0x00000000       0x3d /opt/microchip/xc32/v1.31/bin/../lib/gcc/pic32mx/4.5.2/../../../../pic32mx/lib/mips16/libc.a(memset.o)
 .comment       0x00000000       0x3d /opt/microchip/xc32/v1.31/bin/../lib/gcc/pic32mx/4.5.2/../../../../pic32mx/lib/mips16/libc.a(puts.o)
 .comment       0x00000000       0x3d /opt/microchip/xc32/v1.31/bin/../lib/gcc/pic32mx/4.5.2/../../../../pic32mx/lib/mips16/libc.a(strchr.o)
 .comment       0x00000000       0x3d /opt/microchip/xc32/v1.31/bin/../lib/gcc/pic32mx/4.5.2/../../../../pic32mx/lib/mips16/libc.a(strlen.o)
 .comment       0x00000000       0x3d /opt/microchip/xc32/v1.31/bin/../lib/gcc/pic32mx/4.5.2/../../../../pic32mx/lib/mips16/libc.a(strncasecmp.o)
 .comment       0x00000000       0x3d /opt/microchip/xc32/v1.31/bin/../lib/gcc/pic32mx/4.5.2/../../../../pic32mx/lib/mips16/libc.a(strncat.o)
 .comment       0x00000000       0x3d /opt/microchip/xc32/v1.31/bin/../lib/gcc/pic32mx/4.5.2/../../../../pic32mx/lib/mips16/libc.a(strncpy.o)
 .comment       0x00000000       0x3d /opt/microchip/xc32/v1.31/bin/../lib/gcc/pic32mx/4.5.2/../../../../pic32mx/lib/mips16/libc.a(strtod.o)
 .comment       0x00000000       0x3d /opt/microchip/xc32/v1.31/bin/../lib/gcc/pic32mx/4.5.2/../../../../pic32mx/lib/mips16/libc.a(strtof.o)
 .comment       0x00000000       0x3d /opt/microchip/xc32/v1.31/bin/../lib/gcc/pic32mx/4.5.2/../../../../pic32mx/lib/mips16/libc.a(strstr.o)
 .comment       0x00000000       0x3d /opt/microchip/xc32/v1.31/bin/../lib/gcc/pic32mx/4.5.2/../../../../pic32mx/lib/mips16/libc.a(strtol.o)
 .comment       0x00000000       0x3d /opt/microchip/xc32/v1.31/bin/../lib/gcc/pic32mx/4.5.2/../../../../pic32mx/lib/mips16/libc.a(strtoll.o)
 .comment       0x00000000       0x3d /opt/microchip/xc32/v1.31/bin/../lib/gcc/pic32mx/4.5.2/../../../../pic32mx/lib/mips16/libc.a(printf_cdfFnopsuxX.eo)
 .comment       0x00000000       0x3d /opt/microchip/xc32/v1.31/bin/../lib/gcc/pic32mx/4.5.2/../../../../pic32mx/lib/mips16/libc.a(vprintf.o)
 .comment       0x00000000       0x3d /opt/microchip/xc32/v1.31/bin/../lib/gcc/pic32mx/4.5.2/../../../../pic32mx/lib/mips16/libc.a(snprintf_gG.eo)
 .comment       0x00000000       0x3d /opt/microchip/xc32/v1.31/bin/../lib/gcc/pic32mx/4.5.2/../../../../pic32mx/lib/mips16/libc.a(vsnprintf_gG.eo)
 .comment       0x00000000       0x3d /opt/microchip/xc32/v1.31/bin/../lib/gcc/pic32mx/4.5.2/../../../../pic32mx/lib/mips16/libc.a(fflush.o)
 .comment       0x00000000       0x3d /opt/microchip/xc32/v1.31/bin/../lib/gcc/pic32mx/4.5.2/../../../../pic32mx/lib/mips16/libc.a(_fputc_simple.o)
 .comment       0x00000000       0x3d /opt/microchip/xc32/v1.31/bin/../lib/gcc/pic32mx/4.5.2/../../../../pic32mx/lib/mips16/libc.a(fseek.o)
 .comment       0x00000000       0x3d /opt/microchip/xc32/v1.31/bin/../lib/gcc/pic32mx/4.5.2/../../../../pic32mx/lib/mips16/libc.a(strncmp.o)
 .comment       0x00000000       0x3d /opt/microchip/xc32/v1.31/bin/../lib/gcc/pic32mx/4.5.2/../../../../pic32mx/lib/mips16/libc.a(doprnt.o)
 .comment       0x00000000       0x3d /opt/microchip/xc32/v1.31/bin/../lib/gcc/pic32mx/4.5.2/../../../../pic32mx/lib/mips16/libc.a(_flsbuf_simple.o)
 .comment       0x00000000       0x3d /opt/microchip/xc32/v1.31/bin/../lib/gcc/pic32mx/4.5.2/../../../../pic32mx/lib/mips16/libc.a(powersf.o)
 .comment       0x00000000       0x3d /opt/microchip/xc32/v1.31/bin/../lib/gcc/pic32mx/4.5.2/../../../../pic32mx/lib/mips16/libpic32.a(write.o)
 .comment       0x00000000       0x3d /opt/microchip/xc32/v1.31/bin/../lib/gcc/pic32mx/4.5.2/../../../../pic32mx/lib/mips16/libpic32.a(lseek.o)
 .comment       0x0000019f       0x50 /opt/microchip/xc32/v1.31/bin/../lib/gcc/pic32mx/4.5.2/../../../../pic32mx/lib/mips16/libe.a(_floatdisf.o)
                                 0xdb (size before relaxing)
 .comment       0x000001ef       0x4f /opt/microchip/xc32/v1.31/bin/../lib/gcc/pic32mx/4.5.2/../../../../pic32mx/lib/mips16/libe.a(_strtod.o)
                                 0xda (size before relaxing)
 .comment       0x0000023e       0x4f /opt/microchip/xc32/v1.31/bin/../lib/gcc/pic32mx/4.5.2/../../../../pic32mx/lib/mips16/libe.a(_strtof.o)
                                 0xda (size before relaxing)
 .comment       0x0000028d       0x50 /opt/microchip/xc32/v1.31/bin/../lib/gcc/pic32mx/4.5.2/../../../../pic32mx/lib/mips16/libe.a(_ldexp.o)
                                 0xdb (size before relaxing)
 .comment       0x000002dd       0x50 /opt/microchip/xc32/v1.31/bin/../lib/gcc/pic32mx/4.5.2/../../../../pic32mx/lib/mips16/libe.a(_ldexpf.o)
                                 0xdb (size before relaxing)
 .comment       0x00000000       0x3d /opt/microchip/xc32/v1.31/bin/../lib/gcc/pic32mx/4.5.2/mips16/libgcc.a(_lshrdi3.o)
 .comment       0x00000000       0x3d /opt/microchip/xc32/v1.31/bin/../lib/gcc/pic32mx/4.5.2/mips16/libgcc.a(_floatundisf.o)
 .comment       0x00000000       0x3d /opt/microchip/xc32/v1.31/bin/../lib/gcc/pic32mx/4.5.2/mips16/libgcc.a(_umoddi3.o)
 .comment       0x00000000       0x3d /opt/microchip/xc32/v1.31/bin/../lib/gcc/pic32mx/4.5.2/../../../../pic32mx/lib/mips16/libc.a(doprnt_cdfFgGnopsuxX.eo)

.debug
 *(.debug)

.line
 *(.line)

.debug_srcinfo
 *(.debug_srcinfo)

.debug_sfnames
 *(.debug_sfnames)

.debug_aranges  0x00000000     0x12e0
 *(.debug_aranges)
 .debug_aranges
                0x00000000       0x20 build/default/production/src/drivers/eeprom.o
 .debug_aranges
                0x00000020       0x20 build/default/production/src/drivers/tmp275.o
 .debug_aranges
                0x00000040       0x20 build/default/production/src/drivers/dispkyb.o
 .debug_aranges
                0x00000060       0x20 build/default/production/src/drivers/usb_uart.o
 .debug_aranges
                0x00000080       0x20 build/default/production/src/drivers/adc.o
 .debug_aranges
                0x000000a0       0x20 build/default/production/src/drivers/adcctrl.o
 .debug_aranges
                0x000000c0       0x20 build/default/production/src/eefs/crc32.o
 .debug_aranges
                0x000000e0       0x20 build/default/production/src/eefs/eefs.o
 .debug_aranges
                0x00000100       0x20 build/default/production/src/FreeRTOS/portable/MemMang/heap_4.o
 .debug_aranges
                0x00000120       0x20 build/default/production/src/FreeRTOS/portable/MPLAB/PIC32MX/port.o
 .debug_aranges
                0x00000140       0x20 build/default/production/src/FreeRTOS/portable/MPLAB/PIC32MX/port_asm.o
 .debug_aranges
                0x00000160       0x20 build/default/production/src/FreeRTOS/tasks.o
 .debug_aranges
                0x00000180       0x20 build/default/production/src/FreeRTOS/list.o
 .debug_aranges
                0x000001a0       0x20 build/default/production/src/FreeRTOS/event_groups.o
 .debug_aranges
                0x000001c0       0x20 build/default/production/src/FreeRTOS/croutine.o
 .debug_aranges
                0x000001e0       0x20 build/default/production/src/FreeRTOS/queue.o
 .debug_aranges
                0x00000200       0x20 build/default/production/src/hal/exceptions.o
 .debug_aranges
                0x00000220       0x20 build/default/production/src/hal/isrWrappers.o
 .debug_aranges
                0x00000240       0x20 build/default/production/src/hal/hal_adc.o
 .debug_aranges
                0x00000260       0x20 build/default/production/src/hal/hal_uart.o
 .debug_aranges
                0x00000280       0x20 build/default/production/src/hal/hal_i2c.o
 .debug_aranges
                0x000002a0       0x20 build/default/production/src/hal/hal_spi.o
 .debug_aranges
                0x000002c0       0x20 build/default/production/src/hal/hal_timer.o
 .debug_aranges
                0x000002e0       0x20 build/default/production/src/hal/hal_io.o
 .debug_aranges
                0x00000300       0x20 build/default/production/src/hal/hal_sys.o
 .debug_aranges
                0x00000320       0x20 build/default/production/src/scpi-parser/libscpi/src/lexer.o
 .debug_aranges
                0x00000340       0x20 build/default/production/src/scpi-parser/libscpi/src/error.o
 .debug_aranges
                0x00000360       0x20 build/default/production/src/scpi-parser/libscpi/src/fifo.o
 .debug_aranges
                0x00000380       0x20 build/default/production/src/scpi-parser/libscpi/src/ieee488.o
 .debug_aranges
                0x000003a0       0x20 build/default/production/src/scpi-parser/libscpi/src/minimal.o
 .debug_aranges
                0x000003c0       0x20 build/default/production/src/scpi-parser/libscpi/src/parser.o
 .debug_aranges
                0x000003e0       0x20 build/default/production/src/scpi-parser/libscpi/src/units.o
 .debug_aranges
                0x00000400       0x20 build/default/production/src/scpi-parser/libscpi/src/utils.o
 .debug_aranges
                0x00000420       0x20 build/default/production/src/sys/src/system.o
 .debug_aranges
                0x00000440       0x20 build/default/production/src/sys/src/settings.o
 .debug_aranges
                0x00000460       0x20 build/default/production/src/tasks/task_calibration.o
 .debug_aranges
                0x00000480       0x20 build/default/production/src/tasks/task_multimeter.o
 .debug_aranges
                0x000004a0       0x20 build/default/production/src/tasks/main.o
 .debug_aranges
                0x000004c0       0x20 build/default/production/src/tasks/tskmgr.o
 .debug_aranges
                0x000004e0       0x20 build/default/production/src/tasks/task_scpi.o
 .debug_aranges
                0x00000500       0x20 build/default/production/src/utils/fcvt-1.1/fcvt.o
 .debug_aranges
                0x00000520       0x20 build/default/production/src/utils/src/diag.o
 .debug_aranges
                0x00000540       0x20 build/default/production/src/utils/src/fitlinear.o
 .debug_aranges
                0x00000560       0x20 build/default/production/src/utils/src/disfmt.o
 .debug_aranges
                0x00000580       0x20 build/default/production/src/utils/src/util_ringbuff.o
 .debug_aranges
                0x000005a0       0x20 build/default/production/src/utils/src/strutils.o
 .debug_aranges
                0x000005c0       0x20 /opt/microchip/xc32/v1.31/bin/../lib/gcc/pic32mx/4.5.2/../../../../pic32mx/lib/mips16/libmchp_peripheral.a(open_core_timer_lib.o)
 .debug_aranges
                0x000005e0       0x20 /opt/microchip/xc32/v1.31/bin/../lib/gcc/pic32mx/4.5.2/../../../../pic32mx/lib/mips16/libmchp_peripheral.a(update_core_timer_lib.o)
 .debug_aranges
                0x00000600       0x28 /opt/microchip/xc32/v1.31/bin/../lib/gcc/pic32mx/4.5.2/../../../../pic32mx/lib/mips16/libmchp_peripheral_32MX350F256L.a(pcache.o)
 .debug_aranges
                0x00000628       0x20 /opt/microchip/xc32/v1.31/bin/../lib/gcc/pic32mx/4.5.2/../../../../pic32mx/lib/mips16/libmchp_peripheral_32MX350F256L.a(int_configure_system_lib.o)
 .debug_aranges
                0x00000648       0x20 /opt/microchip/xc32/v1.31/bin/../lib/gcc/pic32mx/4.5.2/../../../../pic32mx/lib/mips16/libmchp_peripheral_32MX350F256L.a(int_disable_interrupts_lib.o)
 .debug_aranges
                0x00000668       0x20 /opt/microchip/xc32/v1.31/bin/../lib/gcc/pic32mx/4.5.2/../../../../pic32mx/lib/mips16/libmchp_peripheral_32MX350F256L.a(int_restore_interrupts_lib.o)
 .debug_aranges
                0x00000688       0x60 /opt/microchip/xc32/v1.31/bin/../lib/gcc/pic32mx/4.5.2/../../../../pic32mx/lib/mips16/libmchp_peripheral_32MX350F256L.a(int_tbl_lib.o)
 .debug_aranges
                0x000006e8       0x20 /opt/microchip/xc32/v1.31/bin/../lib/gcc/pic32mx/4.5.2/../../../../pic32mx/lib/mips16/libmchp_peripheral_32MX350F256L.a(spi_chn_open_lib.o)
 .debug_aranges
                0x00000708       0x30 /opt/microchip/xc32/v1.31/bin/../lib/gcc/pic32mx/4.5.2/../../../../pic32mx/lib/mips16/libmchp_peripheral_32MX350F256L.a(spi_chn_putc_lib.o)
 .debug_aranges
                0x00000738       0x20 /opt/microchip/xc32/v1.31/bin/../lib/gcc/pic32mx/4.5.2/../../../../pic32mx/lib/mips16/libmchp_peripheral_32MX350F256L.a(power_idle_lib.o)
 .debug_aranges
                0x00000758       0x20 /opt/microchip/xc32/v1.31/bin/../lib/gcc/pic32mx/4.5.2/../../../../pic32mx/lib/mips16/libmchp_peripheral_32MX350F256L.a(port_set_pins_digital_in_lib.o)
 .debug_aranges
                0x00000778       0x20 /opt/microchip/xc32/v1.31/bin/../lib/gcc/pic32mx/4.5.2/../../../../pic32mx/lib/mips16/libmchp_peripheral_32MX350F256L.a(port_set_pins_digital_out_lib.o)
 .debug_aranges
                0x00000798       0x20 /opt/microchip/xc32/v1.31/bin/../lib/gcc/pic32mx/4.5.2/../../../../pic32mx/lib/mips16/libmchp_peripheral_32MX350F256L.a(port_read_bits_lib.o)
 .debug_aranges
                0x000007b8       0x20 /opt/microchip/xc32/v1.31/bin/../lib/gcc/pic32mx/4.5.2/../../../../pic32mx/lib/mips16/libmchp_peripheral_32MX350F256L.a(port_clear_bits_lib.o)
 .debug_aranges
                0x000007d8       0x20 /opt/microchip/xc32/v1.31/bin/../lib/gcc/pic32mx/4.5.2/../../../../pic32mx/lib/mips16/libmchp_peripheral_32MX350F256L.a(port_set_bits_lib.o)
 .debug_aranges
                0x000007f8       0x20 /opt/microchip/xc32/v1.31/bin/../lib/gcc/pic32mx/4.5.2/../../../../pic32mx/lib/mips16/libmchp_peripheral_32MX350F256L.a(port_toggle_bits_lib.o)
 .debug_aranges
                0x00000818       0x58 /opt/microchip/xc32/v1.31/bin/../lib/gcc/pic32mx/4.5.2/../../../../pic32mx/lib/mips16/libmchp_peripheral_32MX350F256L.a(uart_lib.o)
 .debug_aranges
                0x00000870       0x20 /opt/microchip/xc32/v1.31/bin/../lib/gcc/pic32mx/4.5.2/../../../../pic32mx/lib/mips16/libmchp_peripheral_32MX350F256L.a(I2CAcknowledgeByte.o)
 .debug_aranges
                0x00000890       0x20 /opt/microchip/xc32/v1.31/bin/../lib/gcc/pic32mx/4.5.2/../../../../pic32mx/lib/mips16/libmchp_peripheral_32MX350F256L.a(I2CAcknowledgeHasCompleted.o)
 .debug_aranges
                0x000008b0       0x20 /opt/microchip/xc32/v1.31/bin/../lib/gcc/pic32mx/4.5.2/../../../../pic32mx/lib/mips16/libmchp_peripheral_32MX350F256L.a(I2CBusIsIdle.o)
 .debug_aranges
                0x000008d0       0x20 /opt/microchip/xc32/v1.31/bin/../lib/gcc/pic32mx/4.5.2/../../../../pic32mx/lib/mips16/libmchp_peripheral_32MX350F256L.a(I2CByteWasAcknowledged.o)
 .debug_aranges
                0x000008f0       0x20 /opt/microchip/xc32/v1.31/bin/../lib/gcc/pic32mx/4.5.2/../../../../pic32mx/lib/mips16/libmchp_peripheral_32MX350F256L.a(I2CConfigure.o)
 .debug_aranges
                0x00000910       0x20 /opt/microchip/xc32/v1.31/bin/../lib/gcc/pic32mx/4.5.2/../../../../pic32mx/lib/mips16/libmchp_peripheral_32MX350F256L.a(I2CEnable.o)
 .debug_aranges
                0x00000930       0x20 /opt/microchip/xc32/v1.31/bin/../lib/gcc/pic32mx/4.5.2/../../../../pic32mx/lib/mips16/libmchp_peripheral_32MX350F256L.a(I2CGetByte.o)
 .debug_aranges
                0x00000950       0x20 /opt/microchip/xc32/v1.31/bin/../lib/gcc/pic32mx/4.5.2/../../../../pic32mx/lib/mips16/libmchp_peripheral_32MX350F256L.a(I2CGetStatus.o)
 .debug_aranges
                0x00000970       0x20 /opt/microchip/xc32/v1.31/bin/../lib/gcc/pic32mx/4.5.2/../../../../pic32mx/lib/mips16/libmchp_peripheral_32MX350F256L.a(I2CReceivedDataIsAvailable.o)
 .debug_aranges
                0x00000990       0x20 /opt/microchip/xc32/v1.31/bin/../lib/gcc/pic32mx/4.5.2/../../../../pic32mx/lib/mips16/libmchp_peripheral_32MX350F256L.a(I2CReceiverEnable.o)
 .debug_aranges
                0x000009b0       0x20 /opt/microchip/xc32/v1.31/bin/../lib/gcc/pic32mx/4.5.2/../../../../pic32mx/lib/mips16/libmchp_peripheral_32MX350F256L.a(I2CRepeatStart.o)
 .debug_aranges
                0x000009d0       0x20 /opt/microchip/xc32/v1.31/bin/../lib/gcc/pic32mx/4.5.2/../../../../pic32mx/lib/mips16/libmchp_peripheral_32MX350F256L.a(I2CSendByte.o)
 .debug_aranges
                0x000009f0       0x20 /opt/microchip/xc32/v1.31/bin/../lib/gcc/pic32mx/4.5.2/../../../../pic32mx/lib/mips16/libmchp_peripheral_32MX350F256L.a(I2CSetFrequency.o)
 .debug_aranges
                0x00000a10       0x20 /opt/microchip/xc32/v1.31/bin/../lib/gcc/pic32mx/4.5.2/../../../../pic32mx/lib/mips16/libmchp_peripheral_32MX350F256L.a(I2CStart.o)
 .debug_aranges
                0x00000a30       0x20 /opt/microchip/xc32/v1.31/bin/../lib/gcc/pic32mx/4.5.2/../../../../pic32mx/lib/mips16/libmchp_peripheral_32MX350F256L.a(I2CStop.o)
 .debug_aranges
                0x00000a50       0x20 /opt/microchip/xc32/v1.31/bin/../lib/gcc/pic32mx/4.5.2/../../../../pic32mx/lib/mips16/libmchp_peripheral_32MX350F256L.a(I2CTransmissionHasCompleted.o)
 .debug_aranges
                0x00000a70       0x20 /opt/microchip/xc32/v1.31/bin/../lib/gcc/pic32mx/4.5.2/../../../../pic32mx/lib/mips16/libmchp_peripheral_32MX350F256L.a(I2CTransmitterIsReady.o)
 .debug_aranges
                0x00000a90       0x20 /opt/microchip/xc32/v1.31/bin/../lib/gcc/pic32mx/4.5.2/mips16/libgcc.a(_floatundidf.o)
 .debug_aranges
                0x00000ab0       0x20 /opt/microchip/xc32/v1.31/bin/../lib/gcc/pic32mx/4.5.2/mips16/libgcc.a(_udivdi3.o)
 .debug_aranges
                0x00000ad0       0x20 /opt/microchip/xc32/v1.31/bin/../lib/gcc/pic32mx/4.5.2/mips16/libgcc.a(floatunsidf.o)
 .debug_aranges
                0x00000af0       0x20 /opt/microchip/xc32/v1.31/bin/../lib/gcc/pic32mx/4.5.2/mips16/libgcc.a(floatunsisf.o)
 .debug_aranges
                0x00000b10       0x20 /opt/microchip/xc32/v1.31/bin/../lib/gcc/pic32mx/4.5.2/../../../../pic32mx/lib/mips16/libpic32.a(default-bootstrap-exception-handler.o)
 .debug_aranges
                0x00000b30       0x20 /opt/microchip/xc32/v1.31/bin/../lib/gcc/pic32mx/4.5.2/../../../../pic32mx/lib/mips16/libpic32.a(default-on-reset.o)
 .debug_aranges
                0x00000b50       0x20 /opt/microchip/xc32/v1.31/bin/../lib/gcc/pic32mx/4.5.2/../../../../pic32mx/lib/mips16/libpic32.a(default-on-bootstrap.o)
 .debug_aranges